[wf_compat] shims active: rotary_emb, dropout_layer_norm, flash_attn, xformers.ops.SwiGLU, FusedRMSNorm
4694 records on arms ['loop-k8', 'tree-k8'], 0 already done
Warning: You are sending unauthenticated requests to the HF Hub. Please set a HF_TOKEN to enable higher rate limits and faster downloads.
[wf] device=cuda (Tesla T4) dtype=torch.float16
[wf] base: 129 keys, 72 missing
[wf] adapter: 201 keys, 0 missing, 0 unexpected
[wf] decoder 261.5M · Whisper encoder 88.2M
  100 records, 0.13 s each; per record: slots 10.9, contested 6.0, props 0.0, refined 0.0, seqs 6.0; tokeniser round trip 100.0%
  200 records, 0.12 s each; per record: slots 10.1, contested 5.5, props 0.0, refined 0.0, seqs 5.5; tokeniser round trip 100.0%
  300 records, 0.12 s each; per record: slots 10.3, contested 5.8, props 0.0, refined 0.0, seqs 5.8; tokeniser round trip 100.0%
  400 records, 0.12 s each; per record: slots 10.2, contested 5.7, props 0.0, refined 0.0, seqs 5.7; tokeniser round trip 100.0%
  500 records, 0.13 s each; per record: slots 10.6, contested 6.0, props 0.0, refined 0.0, seqs 6.0; tokeniser round trip 100.0%
  600 records, 0.12 s each; per record: slots 10.6, contested 5.9, props 0.0, refined 0.0, seqs 5.9; tokeniser round trip 100.0%
  700 records, 0.13 s each; per record: slots 11.1, contested 6.1, props 0.0, refined 0.0, seqs 6.1; tokeniser round trip 100.0%
  800 records, 0.13 s each; per record: slots 12.0, contested 6.3, props 0.0, refined 0.0, seqs 6.3; tokeniser round trip 100.0%
  900 records, 0.13 s each; per record: slots 13.0, contested 6.6, props 0.0, refined 0.0, seqs 6.6; tokeniser round trip 100.0%
  1000 records, 0.14 s each; per record: slots 13.7, contested 6.8, props 0.0, refined 0.0, seqs 6.8; tokeniser round trip 100.0%
  1100 records, 0.14 s each; per record: slots 14.3, contested 7.0, props 0.0, refined 0.0, seqs 7.0; tokeniser round trip 100.0%
  1200 records, 0.14 s each; per record: slots 14.8, contested 7.0, props 0.0, refined 0.0, seqs 7.0; tokeniser round trip 100.0%
  1300 records, 0.14 s each; per record: slots 15.4, contested 7.2, props 0.0, refined 0.0, seqs 7.2; tokeniser round trip 100.0%
  1400 records, 0.14 s each; per record: slots 15.9, contested 7.3, props 0.0, refined 0.0, seqs 7.3; tokeniser round trip 100.0%
  1500 records, 0.14 s each; per record: slots 16.3, contested 7.2, props 0.0, refined 0.0, seqs 7.2; tokeniser round trip 100.0%
  1600 records, 0.14 s each; per record: slots 16.4, contested 7.1, props 0.0, refined 0.0, seqs 7.1; tokeniser round trip 100.0%
  1700 records, 0.14 s each; per record: slots 16.5, contested 7.0, props 0.0, refined 0.0, seqs 7.0; tokeniser round trip 100.0%
  1800 records, 0.14 s each; per record: slots 16.7, contested 7.0, props 0.0, refined 0.0, seqs 7.0; tokeniser round trip 100.0%
  1900 records, 0.14 s each; per record: slots 17.0, contested 7.0, props 0.0, refined 0.0, seqs 7.0; tokeniser round trip 100.0%
  2000 records, 0.14 s each; per record: slots 17.3, contested 7.1, props 0.0, refined 0.0, seqs 7.1; tokeniser round trip 100.0%
  2100 records, 0.14 s each; per record: slots 17.9, contested 7.2, props 0.0, refined 0.0, seqs 7.2; tokeniser round trip 100.0%
  2200 records, 0.14 s each; per record: slots 18.1, contested 7.3, props 0.0, refined 0.0, seqs 7.3; tokeniser round trip 100.0%
  2300 records, 0.14 s each; per record: slots 18.4, contested 7.4, props 0.0, refined 0.0, seqs 7.4; tokeniser round trip 100.0%
  2400 records, 0.14 s each; per record: slots 18.6, contested 7.4, props 0.0, refined 0.0, seqs 7.4; tokeniser round trip 100.0%
  2500 records, 0.14 s each; per record: slots 19.0, contested 7.5, props 0.0, refined 0.0, seqs 7.5; tokeniser round trip 100.0%
  2600 records, 0.14 s each; per record: slots 19.1, contested 7.5, props 0.0, refined 0.0, seqs 7.5; tokeniser round trip 100.0%
  2700 records, 0.15 s each; per record: slots 19.2, contested 7.6, props 0.0, refined 0.0, seqs 7.6; tokeniser round trip 100.0%
  2800 records, 0.15 s each; per record: slots 19.3, contested 7.6, props 0.0, refined 0.0, seqs 7.6; tokeniser round trip 100.0%
  2900 records, 0.15 s each; per record: slots 19.6, contested 7.6, props 0.0, refined 0.0, seqs 7.6; tokeniser round trip 100.0%
  3000 records, 0.15 s each; per record: slots 19.6, contested 7.6, props 0.0, refined 0.0, seqs 7.6; tokeniser round trip 100.0%
  3100 records, 0.15 s each; per record: slots 19.6, contested 7.6, props 0.0, refined 0.0, seqs 7.6; tokeniser round trip 100.0%
  3200 records, 0.14 s each; per record: slots 19.7, contested 7.5, props 0.0, refined 0.0, seqs 7.5; tokeniser round trip 100.0%
  3300 records, 0.14 s each; per record: slots 19.8, contested 7.4, props 0.0, refined 0.0, seqs 7.4; tokeniser round trip 100.0%
  3400 records, 0.14 s each; per record: slots 19.8, contested 7.4, props 0.0, refined 0.0, seqs 7.4; tokeniser round trip 100.0%
  3500 records, 0.14 s each; per record: slots 19.7, contested 7.3, props 0.0, refined 0.0, seqs 7.3; tokeniser round trip 100.0%
  3600 records, 0.14 s each; per record: slots 19.8, contested 7.3, props 0.0, refined 0.0, seqs 7.3; tokeniser round trip 100.0%
  3700 records, 0.14 s each; per record: slots 19.8, contested 7.3, props 0.0, refined 0.0, seqs 7.3; tokeniser round trip 100.0%
  3800 records, 0.14 s each; per record: slots 19.8, contested 7.3, props 0.0, refined 0.0, seqs 7.3; tokeniser round trip 100.0%
  3900 records, 0.14 s each; per record: slots 19.9, contested 7.3, props 0.0, refined 0.0, seqs 7.3; tokeniser round trip 100.0%
  4000 records, 0.14 s each; per record: slots 20.1, contested 7.3, props 0.0, refined 0.0, seqs 7.3; tokeniser round trip 100.0%
  4100 records, 0.14 s each; per record: slots 20.3, contested 7.4, props 0.0, refined 0.0, seqs 7.4; tokeniser round trip 100.0%
  4200 records, 0.14 s each; per record: slots 20.5, contested 7.4, props 0.0, refined 0.0, seqs 7.4; tokeniser round trip 100.0%
  4300 records, 0.14 s each; per record: slots 20.6, contested 7.5, props 0.0, refined 0.0, seqs 7.5; tokeniser round trip 100.0%
  4400 records, 0.14 s each; per record: slots 20.6, contested 7.4, props 0.0, refined 0.0, seqs 7.4; tokeniser round trip 100.0%
  4500 records, 0.14 s each; per record: slots 20.6, contested 7.4, props 0.0, refined 0.0, seqs 7.4; tokeniser round trip 100.0%
  4600 records, 0.14 s each; per record: slots 20.6, contested 7.4, props 0.0, refined 0.0, seqs 7.4; tokeniser round trip 100.0%
timing: 104.6 ms of decoder passes per utterance, 7.4 passes
failed: 0
done: 4665 records in 11.2 min; slots 20.6, contested 7.4, props 0.0, refined 0.0, seqs 7.4; tokeniser round trip 100.0%
