[wf_compat] shims active: rotary_emb, dropout_layer_norm, flash_attn, xformers.ops.SwiGLU, FusedRMSNorm
2000 records on arms ['anchor-k8', 'anchor-k4'], 0 already done
Warning: You are sending unauthenticated requests to the HF Hub. Please set a HF_TOKEN to enable higher rate limits and faster downloads.
[wf] device=cuda (Tesla T4) dtype=torch.float16
[wf] base: 129 keys, 72 missing
[wf] adapter: 201 keys, 0 missing, 0 unexpected
[wf] decoder 261.5M · Whisper encoder 88.2M
adapter results/refine2/refine_f0.pt on
  100 records, 0.19 s each; per record: slots 10.5, contested 5.7, props 0.0, refined 0.0, seqs 5.7; tokeniser round trip 100.0%
  200 records, 0.18 s each; per record: slots 9.9, contested 5.2, props 0.0, refined 0.0, seqs 5.2; tokeniser round trip 100.0%
  300 records, 0.19 s each; per record: slots 10.1, contested 5.5, props 0.0, refined 0.0, seqs 5.5; tokeniser round trip 100.0%
  400 records, 0.19 s each; per record: slots 10.6, contested 5.6, props 0.0, refined 0.0, seqs 5.6; tokeniser round trip 100.0%
  500 records, 0.20 s each; per record: slots 12.1, contested 6.0, props 0.0, refined 0.0, seqs 6.0; tokeniser round trip 100.0%
  600 records, 0.21 s each; per record: slots 13.5, contested 6.5, props 0.0, refined 0.0, seqs 6.5; tokeniser round trip 100.0%
  700 records, 0.22 s each; per record: slots 14.3, contested 6.7, props 0.0, refined 0.0, seqs 6.7; tokeniser round trip 100.0%
  800 records, 0.22 s each; per record: slots 15.0, contested 6.8, props 0.0, refined 0.0, seqs 6.8; tokeniser round trip 100.0%
  900 records, 0.21 s each; per record: slots 15.5, contested 6.5, props 0.0, refined 0.0, seqs 6.5; tokeniser round trip 100.0%
  1000 records, 0.21 s each; per record: slots 15.7, contested 6.4, props 0.0, refined 0.0, seqs 6.4; tokeniser round trip 100.0%
  1100 records, 0.21 s each; per record: slots 16.0, contested 6.3, props 0.0, refined 0.0, seqs 6.3; tokeniser round trip 100.0%
  1200 records, 0.21 s each; per record: slots 16.6, contested 6.4, props 0.0, refined 0.0, seqs 6.4; tokeniser round trip 100.0%
  1300 records, 0.21 s each; per record: slots 16.9, contested 6.5, props 0.0, refined 0.0, seqs 6.5; tokeniser round trip 100.0%
  1400 records, 0.22 s each; per record: slots 17.7, contested 6.7, props 0.0, refined 0.0, seqs 6.7; tokeniser round trip 100.0%
  1500 records, 0.22 s each; per record: slots 18.0, contested 6.9, props 0.0, refined 0.0, seqs 6.9; tokeniser round trip 100.0%
  1600 records, 0.22 s each; per record: slots 18.2, contested 7.0, props 0.0, refined 0.0, seqs 7.0; tokeniser round trip 100.0%
  1700 records, 0.22 s each; per record: slots 18.3, contested 6.9, props 0.0, refined 0.0, seqs 6.9; tokeniser round trip 100.0%
  1800 records, 0.22 s each; per record: slots 18.6, contested 6.8, props 0.0, refined 0.0, seqs 6.8; tokeniser round trip 100.0%
  1900 records, 0.22 s each; per record: slots 18.6, contested 6.7, props 0.0, refined 0.0, seqs 6.7; tokeniser round trip 100.0%
timing: 177.4 ms of decoder passes per utterance, 6.6 passes
failed: 0
done: 1971 records in 7.0 min; slots 18.7, contested 6.6, props 0.0, refined 0.0, seqs 6.6; tokeniser round trip 100.0%
