[09:43:24] [lane0 whisper-turbo] host 2af9ea10db47  cuda=True  device=Tesla T4
[09:44:22] [lane0 whisper-turbo] model loaded in 58 s
[09:44:22] [lane0 whisper-turbo] job whisper-turbo__ls-dev-other__s00__main: 200 utts, 0 already done, arms ['greedy', 'beam', 'sample']
[09:45:50] [lane0 whisper-turbo]   whisper-turbo__ls-dev-other__s00__main: 50/200  1.77 s/utt
[09:47:24] [lane0 whisper-turbo]   whisper-turbo__ls-dev-other__s00__main: 100/200  1.83 s/utt
[09:49:02] [lane0 whisper-turbo]   whisper-turbo__ls-dev-other__s00__main: 150/200  1.87 s/utt
[09:50:47] [lane0 whisper-turbo]   whisper-turbo__ls-dev-other__s00__main: 200/200  1.93 s/utt
[09:50:48] [lane0 whisper-turbo] done whisper-turbo__ls-dev-other__s00__main [done] 200 utts in 6.4 min (1.93 s/utt, RTF 0.297)
[09:50:48] [lane0 whisper-turbo] yielding: another model has lower-tier work waiting
[09:50:48] [lane0 whisper-turbo] exiting after 1 jobs
[09:50:52] [lane0 whisper-turbo] host 2af9ea10db47  cuda=True  device=Tesla T4
[09:50:52] [lane0 whisper-turbo] yielding: another model has lower-tier work waiting
[09:50:52] [lane0 whisper-turbo] exiting after 0 jobs
[09:50:54] [lane0 whisper-turbo] host 2af9ea10db47  cuda=True  device=Tesla T4
[09:50:54] [lane0 whisper-turbo] yielding: another model has lower-tier work waiting
[09:50:54] [lane0 whisper-turbo] exiting after 0 jobs
[09:50:58] [lane0 whisper-turbo] host 2af9ea10db47  cuda=True  device=Tesla T4
[09:50:58] [lane0 whisper-turbo] yielding: another model has lower-tier work waiting
[09:50:58] [lane0 whisper-turbo] exiting after 0 jobs
[09:51:01] [lane0 whisper-turbo] host 2af9ea10db47  cuda=True  device=Tesla T4
[09:51:01] [lane0 whisper-turbo] yielding: another model has lower-tier work waiting
[09:51:01] [lane0 whisper-turbo] exiting after 0 jobs
[09:51:04] [lane0 whisper-turbo] host 2af9ea10db47  cuda=True  device=Tesla T4
[09:51:04] [lane0 whisper-turbo] yielding: another model has lower-tier work waiting
[09:51:04] [lane0 whisper-turbo] exiting after 0 jobs
[09:51:07] [lane0 whisper-turbo] host 2af9ea10db47  cuda=True  device=Tesla T4
[09:51:07] [lane0 whisper-turbo] yielding: another model has lower-tier work waiting
[09:51:07] [lane0 whisper-turbo] exiting after 0 jobs
[09:51:11] [lane0 whisper-turbo] host 2af9ea10db47  cuda=True  device=Tesla T4
[09:51:11] [lane0 whisper-turbo] yielding: another model has lower-tier work waiting
[09:51:11] [lane0 whisper-turbo] exiting after 0 jobs
[09:51:14] [lane0 whisper-turbo] host 2af9ea10db47  cuda=True  device=Tesla T4
[09:51:14] [lane0 whisper-turbo] yielding: another model has lower-tier work waiting
[09:51:14] [lane0 whisper-turbo] exiting after 0 jobs
[09:51:17] [lane0 whisper-turbo] host 2af9ea10db47  cuda=True  device=Tesla T4
[09:51:17] [lane0 whisper-turbo] yielding: another model has lower-tier work waiting
[09:51:17] [lane0 whisper-turbo] exiting after 0 jobs
[09:51:20] [lane0 whisper-turbo] host 2af9ea10db47  cuda=True  device=Tesla T4
[09:51:20] [lane0 whisper-turbo] yielding: another model has lower-tier work waiting
[09:51:20] [lane0 whisper-turbo] exiting after 0 jobs
[09:51:22] [lane0 whisper-turbo] host 2af9ea10db47  cuda=True  device=Tesla T4
[09:51:22] [lane0 whisper-turbo] yielding: another model has lower-tier work waiting
[09:51:22] [lane0 whisper-turbo] exiting after 0 jobs
[09:51:25] [lane0 whisper-turbo] host 2af9ea10db47  cuda=True  device=Tesla T4
[09:51:25] [lane0 whisper-turbo] yielding: another model has lower-tier work waiting
[09:51:25] [lane0 whisper-turbo] exiting after 0 jobs
[09:51:27] [lane0 whisper-turbo] host 2af9ea10db47  cuda=True  device=Tesla T4
[09:51:27] [lane0 whisper-turbo] yielding: another model has lower-tier work waiting
[09:51:27] [lane0 whisper-turbo] exiting after 0 jobs
[09:51:30] [lane0 whisper-turbo] host 2af9ea10db47  cuda=True  device=Tesla T4
[09:51:30] [lane0 whisper-turbo] yielding: another model has lower-tier work waiting
[09:51:30] [lane0 whisper-turbo] exiting after 0 jobs
[09:51:33] [lane0 whisper-turbo] host 2af9ea10db47  cuda=True  device=Tesla T4
[09:51:33] [lane0 whisper-turbo] yielding: another model has lower-tier work waiting
[09:51:33] [lane0 whisper-turbo] exiting after 0 jobs
[09:51:36] [lane0 whisper-turbo] host 2af9ea10db47  cuda=True  device=Tesla T4
[09:51:36] [lane0 whisper-turbo] yielding: another model has lower-tier work waiting
[09:51:36] [lane0 whisper-turbo] exiting after 0 jobs
[09:51:39] [lane0 whisper-turbo] host 2af9ea10db47  cuda=True  device=Tesla T4
[09:51:39] [lane0 whisper-turbo] yielding: another model has lower-tier work waiting
[09:51:39] [lane0 whisper-turbo] exiting after 0 jobs
[09:51:42] [lane0 whisper-turbo] host 2af9ea10db47  cuda=True  device=Tesla T4
[09:51:42] [lane0 whisper-turbo] yielding: another model has lower-tier work waiting
[09:51:42] [lane0 whisper-turbo] exiting after 0 jobs
[09:51:45] [lane0 whisper-turbo] host 2af9ea10db47  cuda=True  device=Tesla T4
[09:51:45] [lane0 whisper-turbo] yielding: another model has lower-tier work waiting
[09:51:45] [lane0 whisper-turbo] exiting after 0 jobs
[09:51:48] [lane0 whisper-turbo] host 2af9ea10db47  cuda=True  device=Tesla T4
[09:51:48] [lane0 whisper-turbo] yielding: another model has lower-tier work waiting
[09:51:48] [lane0 whisper-turbo] exiting after 0 jobs
[09:51:50] [lane0 whisper-turbo] host 2af9ea10db47  cuda=True  device=Tesla T4
[09:51:50] [lane0 whisper-turbo] yielding: another model has lower-tier work waiting
[09:51:50] [lane0 whisper-turbo] exiting after 0 jobs
[09:51:53] [lane0 whisper-turbo] host 2af9ea10db47  cuda=True  device=Tesla T4
[09:51:53] [lane0 whisper-turbo] yielding: another model has lower-tier work waiting
[09:51:53] [lane0 whisper-turbo] exiting after 0 jobs
[09:51:56] [lane0 whisper-turbo] host 2af9ea10db47  cuda=True  device=Tesla T4
[09:51:56] [lane0 whisper-turbo] yielding: another model has lower-tier work waiting
[09:51:56] [lane0 whisper-turbo] exiting after 0 jobs
[09:51:58] [lane0 whisper-turbo] host 2af9ea10db47  cuda=True  device=Tesla T4
[09:51:58] [lane0 whisper-turbo] yielding: another model has lower-tier work waiting
[09:51:58] [lane0 whisper-turbo] exiting after 0 jobs
[09:52:01] [lane0 whisper-turbo] host 2af9ea10db47  cuda=True  device=Tesla T4
[09:52:01] [lane0 whisper-turbo] yielding: another model has lower-tier work waiting
[09:52:01] [lane0 whisper-turbo] exiting after 0 jobs
[09:52:04] [lane0 whisper-turbo] host 2af9ea10db47  cuda=True  device=Tesla T4
[09:52:04] [lane0 whisper-turbo] yielding: another model has lower-tier work waiting
[09:52:04] [lane0 whisper-turbo] exiting after 0 jobs
[09:52:06] [lane0 whisper-turbo] host 2af9ea10db47  cuda=True  device=Tesla T4
[09:52:06] [lane0 whisper-turbo] yielding: another model has lower-tier work waiting
[09:52:06] [lane0 whisper-turbo] exiting after 0 jobs
[09:52:09] [lane0 whisper-turbo] host 2af9ea10db47  cuda=True  device=Tesla T4
[09:52:09] [lane0 whisper-turbo] yielding: another model has lower-tier work waiting
[09:52:09] [lane0 whisper-turbo] exiting after 0 jobs
[09:52:12] [lane0 whisper-turbo] host 2af9ea10db47  cuda=True  device=Tesla T4
[09:52:12] [lane0 whisper-turbo] yielding: another model has lower-tier work waiting
[09:52:12] [lane0 whisper-turbo] exiting after 0 jobs
[09:52:14] [lane0 whisper-turbo] host 2af9ea10db47  cuda=True  device=Tesla T4
[09:52:14] [lane0 whisper-turbo] yielding: another model has lower-tier work waiting
[09:52:14] [lane0 whisper-turbo] exiting after 0 jobs
[09:52:17] [lane0 whisper-turbo] host 2af9ea10db47  cuda=True  device=Tesla T4
[09:52:17] [lane0 whisper-turbo] yielding: another model has lower-tier work waiting
[09:52:17] [lane0 whisper-turbo] exiting after 0 jobs
[09:52:20] [lane0 whisper-turbo] host 2af9ea10db47  cuda=True  device=Tesla T4
[09:52:20] [lane0 whisper-turbo] yielding: another model has lower-tier work waiting
[09:52:20] [lane0 whisper-turbo] exiting after 0 jobs
[09:52:22] [lane0 whisper-turbo] host 2af9ea10db47  cuda=True  device=Tesla T4
[09:52:22] [lane0 whisper-turbo] yielding: another model has lower-tier work waiting
[09:52:22] [lane0 whisper-turbo] exiting after 0 jobs
[09:52:25] [lane0 whisper-turbo] host 2af9ea10db47  cuda=True  device=Tesla T4
[09:52:25] [lane0 whisper-turbo] yielding: another model has lower-tier work waiting
[09:52:25] [lane0 whisper-turbo] exiting after 0 jobs
[09:52:28] [lane0 whisper-turbo] host 2af9ea10db47  cuda=True  device=Tesla T4
[09:52:28] [lane0 whisper-turbo] yielding: another model has lower-tier work waiting
[09:52:28] [lane0 whisper-turbo] exiting after 0 jobs
[09:52:31] [lane0 whisper-turbo] host 2af9ea10db47  cuda=True  device=Tesla T4
[09:52:31] [lane0 whisper-turbo] yielding: another model has lower-tier work waiting
[09:52:31] [lane0 whisper-turbo] exiting after 0 jobs
[09:52:34] [lane0 whisper-turbo] host 2af9ea10db47  cuda=True  device=Tesla T4
[09:52:34] [lane0 whisper-turbo] yielding: another model has lower-tier work waiting
[09:52:34] [lane0 whisper-turbo] exiting after 0 jobs
[09:52:36] [lane0 whisper-turbo] host 2af9ea10db47  cuda=True  device=Tesla T4
[09:52:36] [lane0 whisper-turbo] yielding: another model has lower-tier work waiting
[09:52:36] [lane0 whisper-turbo] exiting after 0 jobs
[09:52:39] [lane0 whisper-turbo] host 2af9ea10db47  cuda=True  device=Tesla T4
[09:52:39] [lane0 whisper-turbo] yielding: another model has lower-tier work waiting
[09:52:39] [lane0 whisper-turbo] exiting after 0 jobs
[09:52:42] [lane0 whisper-turbo] host 2af9ea10db47  cuda=True  device=Tesla T4
[09:52:42] [lane0 whisper-turbo] yielding: another model has lower-tier work waiting
[09:52:42] [lane0 whisper-turbo] exiting after 0 jobs
[09:52:45] [lane0 whisper-turbo] host 2af9ea10db47  cuda=True  device=Tesla T4
[09:52:45] [lane0 whisper-turbo] yielding: another model has lower-tier work waiting
[09:52:45] [lane0 whisper-turbo] exiting after 0 jobs
[09:52:47] [lane0 whisper-turbo] host 2af9ea10db47  cuda=True  device=Tesla T4
[09:52:47] [lane0 whisper-turbo] yielding: another model has lower-tier work waiting
[09:52:47] [lane0 whisper-turbo] exiting after 0 jobs
[09:52:50] [lane0 whisper-turbo] host 2af9ea10db47  cuda=True  device=Tesla T4
[09:52:50] [lane0 whisper-turbo] yielding: another model has lower-tier work waiting
[09:52:50] [lane0 whisper-turbo] exiting after 0 jobs
[09:52:53] [lane0 whisper-turbo] host 2af9ea10db47  cuda=True  device=Tesla T4
[09:52:53] [lane0 whisper-turbo] yielding: another model has lower-tier work waiting
[09:52:53] [lane0 whisper-turbo] exiting after 0 jobs
[09:52:56] [lane0 whisper-turbo] host 2af9ea10db47  cuda=True  device=Tesla T4
[09:52:56] [lane0 whisper-turbo] yielding: another model has lower-tier work waiting
[09:52:56] [lane0 whisper-turbo] exiting after 0 jobs
[09:52:58] [lane0 whisper-turbo] host 2af9ea10db47  cuda=True  device=Tesla T4
[09:52:58] [lane0 whisper-turbo] yielding: another model has lower-tier work waiting
[09:52:58] [lane0 whisper-turbo] exiting after 0 jobs
[09:53:01] [lane0 whisper-turbo] host 2af9ea10db47  cuda=True  device=Tesla T4
[09:53:01] [lane0 whisper-turbo] yielding: another model has lower-tier work waiting
[09:53:01] [lane0 whisper-turbo] exiting after 0 jobs
[09:53:04] [lane0 whisper-turbo] host 2af9ea10db47  cuda=True  device=Tesla T4
[09:53:04] [lane0 whisper-turbo] yielding: another model has lower-tier work waiting
[09:53:04] [lane0 whisper-turbo] exiting after 0 jobs
[09:53:06] [lane0 whisper-turbo] host 2af9ea10db47  cuda=True  device=Tesla T4
[09:53:07] [lane0 whisper-turbo] yielding: another model has lower-tier work waiting
[09:53:07] [lane0 whisper-turbo] exiting after 0 jobs
[09:53:09] [lane0 whisper-turbo] host 2af9ea10db47  cuda=True  device=Tesla T4
[09:53:09] [lane0 whisper-turbo] yielding: another model has lower-tier work waiting
[09:53:09] [lane0 whisper-turbo] exiting after 0 jobs
[09:53:12] [lane0 whisper-turbo] host 2af9ea10db47  cuda=True  device=Tesla T4
[09:53:12] [lane0 whisper-turbo] yielding: another model has lower-tier work waiting
[09:53:12] [lane0 whisper-turbo] exiting after 0 jobs
[09:53:15] [lane0 whisper-turbo] host 2af9ea10db47  cuda=True  device=Tesla T4
[09:53:15] [lane0 whisper-turbo] yielding: another model has lower-tier work waiting
[09:53:15] [lane0 whisper-turbo] exiting after 0 jobs
[09:53:18] [lane0 whisper-turbo] host 2af9ea10db47  cuda=True  device=Tesla T4
[09:53:18] [lane0 whisper-turbo] yielding: another model has lower-tier work waiting
[09:53:18] [lane0 whisper-turbo] exiting after 0 jobs
[09:53:21] [lane0 whisper-turbo] host 2af9ea10db47  cuda=True  device=Tesla T4
[09:53:21] [lane0 whisper-turbo] yielding: another model has lower-tier work waiting
[09:53:21] [lane0 whisper-turbo] exiting after 0 jobs
[09:53:24] [lane0 whisper-turbo] host 2af9ea10db47  cuda=True  device=Tesla T4
[09:53:24] [lane0 whisper-turbo] yielding: another model has lower-tier work waiting
[09:53:24] [lane0 whisper-turbo] exiting after 0 jobs
[09:53:27] [lane0 whisper-turbo] host 2af9ea10db47  cuda=True  device=Tesla T4
[09:53:27] [lane0 whisper-turbo] yielding: another model has lower-tier work waiting
[09:53:27] [lane0 whisper-turbo] exiting after 0 jobs
[09:53:30] [lane0 whisper-turbo] host 2af9ea10db47  cuda=True  device=Tesla T4
[09:53:30] [lane0 whisper-turbo] yielding: another model has lower-tier work waiting
[09:53:30] [lane0 whisper-turbo] exiting after 0 jobs
[09:53:33] [lane0 whisper-turbo] host 2af9ea10db47  cuda=True  device=Tesla T4
[09:53:33] [lane0 whisper-turbo] yielding: another model has lower-tier work waiting
[09:53:33] [lane0 whisper-turbo] exiting after 0 jobs
[09:53:35] [lane0 whisper-turbo] host 2af9ea10db47  cuda=True  device=Tesla T4
[09:53:35] [lane0 whisper-turbo] yielding: another model has lower-tier work waiting
[09:53:35] [lane0 whisper-turbo] exiting after 0 jobs
[09:53:38] [lane0 whisper-turbo] host 2af9ea10db47  cuda=True  device=Tesla T4
[09:53:38] [lane0 whisper-turbo] yielding: another model has lower-tier work waiting
[09:53:38] [lane0 whisper-turbo] exiting after 0 jobs
[09:53:41] [lane0 whisper-turbo] host 2af9ea10db47  cuda=True  device=Tesla T4
[09:53:41] [lane0 whisper-turbo] yielding: another model has lower-tier work waiting
[09:53:41] [lane0 whisper-turbo] exiting after 0 jobs
[09:53:44] [lane0 whisper-turbo] host 2af9ea10db47  cuda=True  device=Tesla T4
[09:53:45] [lane0 whisper-turbo] yielding: another model has lower-tier work waiting
[09:53:45] [lane0 whisper-turbo] exiting after 0 jobs
[09:53:47] [lane0 whisper-turbo] host 2af9ea10db47  cuda=True  device=Tesla T4
[09:53:47] [lane0 whisper-turbo] yielding: another model has lower-tier work waiting
[09:53:47] [lane0 whisper-turbo] exiting after 0 jobs
[09:53:50] [lane0 whisper-turbo] host 2af9ea10db47  cuda=True  device=Tesla T4
[09:53:50] [lane0 whisper-turbo] yielding: another model has lower-tier work waiting
[09:53:50] [lane0 whisper-turbo] exiting after 0 jobs
[09:53:53] [lane0 whisper-turbo] host 2af9ea10db47  cuda=True  device=Tesla T4
[09:53:53] [lane0 whisper-turbo] yielding: another model has lower-tier work waiting
[09:53:53] [lane0 whisper-turbo] exiting after 0 jobs
[09:53:56] [lane0 whisper-turbo] host 2af9ea10db47  cuda=True  device=Tesla T4
[09:53:56] [lane0 whisper-turbo] yielding: another model has lower-tier work waiting
[09:53:56] [lane0 whisper-turbo] exiting after 0 jobs
[09:53:58] [lane0 whisper-turbo] host 2af9ea10db47  cuda=True  device=Tesla T4
[09:53:58] [lane0 whisper-turbo] yielding: another model has lower-tier work waiting
[09:53:58] [lane0 whisper-turbo] exiting after 0 jobs
[09:54:01] [lane0 whisper-turbo] host 2af9ea10db47  cuda=True  device=Tesla T4
[09:54:21] [lane0 whisper-turbo] model loaded in 20 s
[09:54:21] [lane0 whisper-turbo] job whisper-turbo__ls-test-clean__s00__main: 200 utts, 0 already done, arms ['greedy', 'beam', 'sample']
[09:56:02] [lane0 whisper-turbo]   whisper-turbo__ls-test-clean__s00__main: 50/200  2.02 s/utt
[09:57:41] [lane0 whisper-turbo]   whisper-turbo__ls-test-clean__s00__main: 100/200  2.00 s/utt
[09:59:21] [lane0 whisper-turbo]   whisper-turbo__ls-test-clean__s00__main: 150/200  2.00 s/utt
[10:00:57] [lane0 whisper-turbo]   whisper-turbo__ls-test-clean__s00__main: 200/200  1.98 s/utt
[10:00:58] [lane0 whisper-turbo] done whisper-turbo__ls-test-clean__s00__main [done] 200 utts in 6.6 min (1.98 s/utt, RTF 0.279)
[10:00:58] [lane0 whisper-turbo] job whisper-turbo__ls-test-other__s00__main: 200 utts, 0 already done, arms ['greedy', 'beam', 'sample']
[10:02:34] [lane0 whisper-turbo]   whisper-turbo__ls-test-other__s00__main: 50/200  1.92 s/utt
[10:04:06] [lane0 whisper-turbo]   whisper-turbo__ls-test-other__s00__main: 100/200  1.88 s/utt
[10:05:37] [lane0 whisper-turbo]   whisper-turbo__ls-test-other__s00__main: 150/200  1.86 s/utt
[10:07:15] [lane0 whisper-turbo]   whisper-turbo__ls-test-other__s00__main: 200/200  1.89 s/utt
[10:07:15] [lane0 whisper-turbo] done whisper-turbo__ls-test-other__s00__main [done] 200 utts in 6.3 min (1.89 s/utt, RTF 0.289)
[10:07:15] [lane0 whisper-turbo] job whisper-turbo__ami__s00__main: 200 utts, 0 already done, arms ['greedy', 'beam', 'sample']
[10:08:36] [lane0 whisper-turbo]   whisper-turbo__ami__s00__main: 50/200  1.62 s/utt
[10:09:58] [lane0 whisper-turbo]   whisper-turbo__ami__s00__main: 100/200  1.63 s/utt
[10:11:21] [lane0 whisper-turbo]   whisper-turbo__ami__s00__main: 150/200  1.64 s/utt
[10:12:40] [lane0 whisper-turbo]   whisper-turbo__ami__s00__main: 200/200  1.62 s/utt
[10:12:40] [lane0 whisper-turbo] done whisper-turbo__ami__s00__main [done] 200 utts in 5.4 min (1.62 s/utt, RTF 0.527)
[10:12:40] [lane0 whisper-turbo] job whisper-turbo__earnings22__s00__main: 200 utts, 0 already done, arms ['greedy', 'beam', 'sample']
[10:14:08] [lane0 whisper-turbo]   whisper-turbo__earnings22__s00__main: 50/200  1.77 s/utt
[10:15:38] [lane0 whisper-turbo]   whisper-turbo__earnings22__s00__main: 100/200  1.79 s/utt
[10:17:13] [lane0 whisper-turbo]   whisper-turbo__earnings22__s00__main: 150/200  1.82 s/utt
[10:18:42] [lane0 whisper-turbo]   whisper-turbo__earnings22__s00__main: 200/200  1.81 s/utt
[10:18:42] [lane0 whisper-turbo] done whisper-turbo__earnings22__s00__main [done] 200 utts in 6.0 min (1.81 s/utt, RTF 0.289)
[10:18:42] [lane0 whisper-turbo] job whisper-turbo__common_voice__s00__main: 200 utts, 0 already done, arms ['greedy', 'beam', 'sample']
[10:20:04] [lane0 whisper-turbo]   whisper-turbo__common_voice__s00__main: 50/200  1.63 s/utt
[10:21:25] [lane0 whisper-turbo]   whisper-turbo__common_voice__s00__main: 100/200  1.63 s/utt
[10:22:49] [lane0 whisper-turbo]   whisper-turbo__common_voice__s00__main: 150/200  1.64 s/utt
[10:24:08] [lane0 whisper-turbo]   whisper-turbo__common_voice__s00__main: 200/200  1.63 s/utt
[10:24:08] [lane0 whisper-turbo] done whisper-turbo__common_voice__s00__main [done] 200 utts in 5.4 min (1.63 s/utt, RTF 0.298)
[10:24:08] [lane0 whisper-turbo] job whisper-turbo__fleurs-en__s00__main: 200 utts, 0 already done, arms ['greedy', 'beam', 'sample']
[10:25:47] [lane0 whisper-turbo]   whisper-turbo__fleurs-en__s00__main: 50/200  1.98 s/utt
[10:27:31] [lane0 whisper-turbo]   whisper-turbo__fleurs-en__s00__main: 100/200  2.02 s/utt
[10:29:10] [lane0 whisper-turbo]   whisper-turbo__fleurs-en__s00__main: 150/200  2.01 s/utt
[10:30:49] [lane0 whisper-turbo]   whisper-turbo__fleurs-en__s00__main: 200/200  2.00 s/utt
[10:30:49] [lane0 whisper-turbo] done whisper-turbo__fleurs-en__s00__main [done] 200 utts in 6.7 min (2.00 s/utt, RTF 0.206)
[10:30:49] [lane0 whisper-turbo] job whisper-turbo__ls-tc-babble5__s00__main: 200 utts, 0 already done, arms ['greedy', 'beam', 'sample']
[10:32:27] [lane0 whisper-turbo]   whisper-turbo__ls-tc-babble5__s00__main: 50/200  1.95 s/utt
[10:34:05] [lane0 whisper-turbo]   whisper-turbo__ls-tc-babble5__s00__main: 100/200  1.96 s/utt
[10:35:47] [lane0 whisper-turbo]   whisper-turbo__ls-tc-babble5__s00__main: 150/200  1.98 s/utt
[10:37:22] [lane0 whisper-turbo]   whisper-turbo__ls-tc-babble5__s00__main: 200/200  1.96 s/utt
[10:37:22] [lane0 whisper-turbo] done whisper-turbo__ls-tc-babble5__s00__main [done] 200 utts in 6.5 min (1.96 s/utt, RTF 0.276)
[10:37:22] [lane0 whisper-turbo] yielding: another model has lower-tier work waiting
[10:37:22] [lane0 whisper-turbo] exiting after 7 jobs
[10:37:26] [lane0 drax] host 2af9ea10db47  cuda=True  device=Tesla T4
[10:38:42] [lane0 drax] model loaded in 76 s
[10:38:42] [lane0 drax] job drax__ls-test-clean__s00__lowT: 200 utts, 0 already done, arms ['lowT']
[10:41:35] [lane0 drax]   drax__ls-test-clean__s00__lowT: 50/200  3.45 s/utt
[10:44:36] [lane0 drax]   drax__ls-test-clean__s00__lowT: 100/200  3.54 s/utt
[10:47:39] [lane0 drax]   drax__ls-test-clean__s00__lowT: 150/200  3.58 s/utt
[10:50:49] [lane0 drax]   drax__ls-test-clean__s00__lowT: 200/200  3.63 s/utt
[10:50:49] [lane0 drax] done drax__ls-test-clean__s00__lowT [done] 200 utts in 12.1 min (3.63 s/utt, RTF 0.511)
[10:50:49] [lane0 drax] job drax__ami__s00__lowT: 200 utts, 0 already done, arms ['lowT']
[10:53:53] [lane0 drax]   drax__ami__s00__lowT: 50/200  3.68 s/utt
[10:56:57] [lane0 drax]   drax__ami__s00__lowT: 100/200  3.68 s/utt
[11:00:00] [lane0 drax]   drax__ami__s00__lowT: 150/200  3.68 s/utt
[11:03:04] [lane0 drax]   drax__ami__s00__lowT: 200/200  3.67 s/utt
[11:03:04] [lane0 drax] done drax__ami__s00__lowT [done] 200 utts in 12.3 min (3.68 s/utt, RTF 1.193)
[11:03:04] [lane0 drax] job drax__voxpopuli__s00__lowT: 200 utts, 0 already done, arms ['lowT']
[11:06:08] [lane0 drax]   drax__voxpopuli__s00__lowT: 50/200  3.67 s/utt
[11:09:12] [lane0 drax]   drax__voxpopuli__s00__lowT: 100/200  3.68 s/utt
[11:12:16] [lane0 drax]   drax__voxpopuli__s00__lowT: 150/200  3.68 s/utt
[11:15:20] [lane0 drax]   drax__voxpopuli__s00__lowT: 200/200  3.68 s/utt
[11:15:20] [lane0 drax] done drax__voxpopuli__s00__lowT [done] 200 utts in 12.3 min (3.68 s/utt, RTF 0.539)
[11:15:20] [lane0 drax] job drax__spgispeech__s00__lowT: 200 utts, 0 already done, arms ['lowT']
[11:18:24] [lane0 drax]   drax__spgispeech__s00__lowT: 50/200  3.69 s/utt
[11:21:29] [lane0 drax]   drax__spgispeech__s00__lowT: 100/200  3.69 s/utt
[11:24:33] [lane0 drax]   drax__spgispeech__s00__lowT: 150/200  3.69 s/utt
[11:27:37] [lane0 drax]   drax__spgispeech__s00__lowT: 200/200  3.69 s/utt
[11:27:37] [lane0 drax] done drax__spgispeech__s00__lowT [done] 200 utts in 12.3 min (3.69 s/utt, RTF 0.404)
[11:27:37] [lane0 drax] job drax__fleurs-en__s00__lowT: 200 utts, 0 already done, arms ['lowT']
[11:30:41] [lane0 drax]   drax__fleurs-en__s00__lowT: 50/200  3.68 s/utt
[11:33:46] [lane0 drax]   drax__fleurs-en__s00__lowT: 100/200  3.69 s/utt
[11:36:50] [lane0 drax]   drax__fleurs-en__s00__lowT: 150/200  3.68 s/utt
[11:39:54] [lane0 drax]   drax__fleurs-en__s00__lowT: 200/200  3.69 s/utt
[11:39:54] [lane0 drax] done drax__fleurs-en__s00__lowT [done] 200 utts in 12.3 min (3.69 s/utt, RTF 0.378)
[11:39:54] [lane0 drax] job drax__ls-tc-babble10__s00__lowT: 200 utts, 0 already done, arms ['lowT']
[11:42:58] [lane0 drax]   drax__ls-tc-babble10__s00__lowT: 50/200  3.68 s/utt
[11:46:02] [lane0 drax]   drax__ls-tc-babble10__s00__lowT: 100/200  3.68 s/utt
[11:49:06] [lane0 drax]   drax__ls-tc-babble10__s00__lowT: 150/200  3.68 s/utt
[11:52:10] [lane0 drax]   drax__ls-tc-babble10__s00__lowT: 200/200  3.68 s/utt
[11:52:10] [lane0 drax] done drax__ls-tc-babble10__s00__lowT [done] 200 utts in 12.3 min (3.68 s/utt, RTF 0.517)
[11:52:10] [lane0 drax] job drax__ls-tc-babble0__s00__lowT: 200 utts, 0 already done, arms ['lowT']
[11:55:14] [lane0 drax]   drax__ls-tc-babble0__s00__lowT: 50/200  3.68 s/utt
[11:58:18] [lane0 drax]   drax__ls-tc-babble0__s00__lowT: 100/200  3.68 s/utt
[12:01:22] [lane0 drax]   drax__ls-tc-babble0__s00__lowT: 150/200  3.68 s/utt
[12:04:26] [lane0 drax]   drax__ls-tc-babble0__s00__lowT: 200/200  3.68 s/utt
[12:04:26] [lane0 drax] done drax__ls-tc-babble0__s00__lowT [done] 200 utts in 12.3 min (3.68 s/utt, RTF 0.518)
[12:04:26] [lane0 drax] job drax__fleurs-de__s00__lowT: 200 utts, 0 already done, arms ['lowT']
[12:07:31] [lane0 drax]   drax__fleurs-de__s00__lowT: 50/200  3.70 s/utt
[12:10:36] [lane0 drax]   drax__fleurs-de__s00__lowT: 100/200  3.70 s/utt
[12:13:41] [lane0 drax]   drax__fleurs-de__s00__lowT: 150/200  3.70 s/utt
[12:16:46] [lane0 drax]   drax__fleurs-de__s00__lowT: 200/200  3.70 s/utt
[12:16:46] [lane0 drax] done drax__fleurs-de__s00__lowT [done] 200 utts in 12.3 min (3.70 s/utt, RTF 0.292)
[12:16:46] [lane0 drax] job drax__fleurs-it__s00__lowT: 200 utts, 0 already done, arms ['lowT']
[12:19:51] [lane0 drax]   drax__fleurs-it__s00__lowT: 50/200  3.70 s/utt
[12:22:56] [lane0 drax]   drax__fleurs-it__s00__lowT: 100/200  3.70 s/utt
[12:26:00] [lane0 drax]   drax__fleurs-it__s00__lowT: 150/200  3.70 s/utt
[12:29:06] [lane0 drax]   drax__fleurs-it__s00__lowT: 200/200  3.70 s/utt
[12:29:06] [lane0 drax] done drax__fleurs-it__s00__lowT [done] 200 utts in 12.3 min (3.70 s/utt, RTF 0.252)
[12:29:06] [lane0 drax] yielding: another model has lower-tier work waiting
[12:29:06] [lane0 drax] exiting after 9 jobs
[12:29:09] [lane0 whisper-turbo] host 2af9ea10db47  cuda=True  device=Tesla T4
[12:29:19] [lane0 whisper-turbo] model loaded in 9 s
[12:29:19] [lane0 whisper-turbo] job whisper-turbo__ls-dev-other__s01__main: 200 utts, 0 already done, arms ['greedy', 'beam', 'sample']
[12:30:48] [lane0 whisper-turbo]   whisper-turbo__ls-dev-other__s01__main: 50/200  1.79 s/utt
[12:32:22] [lane0 whisper-turbo]   whisper-turbo__ls-dev-other__s01__main: 100/200  1.83 s/utt
[12:33:52] [lane0 whisper-turbo]   whisper-turbo__ls-dev-other__s01__main: 150/200  1.82 s/utt
[12:35:24] [lane0 whisper-turbo]   whisper-turbo__ls-dev-other__s01__main: 200/200  1.82 s/utt
[12:35:24] [lane0 whisper-turbo] done whisper-turbo__ls-dev-other__s01__main [done] 200 utts in 6.1 min (1.83 s/utt, RTF 0.285)
[12:35:24] [lane0 whisper-turbo] job whisper-turbo__ls-test-clean__s01__main: 200 utts, 0 already done, arms ['greedy', 'beam', 'sample']
[12:36:58] [lane0 whisper-turbo]   whisper-turbo__ls-test-clean__s01__main: 50/200  1.88 s/utt
[12:38:37] [lane0 whisper-turbo]   whisper-turbo__ls-test-clean__s01__main: 100/200  1.93 s/utt
[12:40:16] [lane0 whisper-turbo]   whisper-turbo__ls-test-clean__s01__main: 150/200  1.95 s/utt
[12:41:54] [lane0 whisper-turbo]   whisper-turbo__ls-test-clean__s01__main: 200/200  1.95 s/utt
[12:41:54] [lane0 whisper-turbo] done whisper-turbo__ls-test-clean__s01__main [done] 200 utts in 6.5 min (1.95 s/utt, RTF 0.255)
[12:41:54] [lane0 whisper-turbo] job whisper-turbo__ls-test-other__s01__main: 200 utts, 0 already done, arms ['greedy', 'beam', 'sample']
[12:43:29] [lane0 whisper-turbo]   whisper-turbo__ls-test-other__s01__main: 50/200  1.89 s/utt
[12:44:59] [lane0 whisper-turbo]   whisper-turbo__ls-test-other__s01__main: 100/200  1.85 s/utt
[12:46:33] [lane0 whisper-turbo]   whisper-turbo__ls-test-other__s01__main: 150/200  1.86 s/utt
[12:48:07] [lane0 whisper-turbo]   whisper-turbo__ls-test-other__s01__main: 200/200  1.86 s/utt
[12:48:07] [lane0 whisper-turbo] done whisper-turbo__ls-test-other__s01__main [done] 200 utts in 6.2 min (1.86 s/utt, RTF 0.288)
[12:48:07] [lane0 whisper-turbo] job whisper-turbo__ami__s01__main: 200 utts, 0 already done, arms ['greedy', 'beam', 'sample']
[12:49:31] [lane0 whisper-turbo]   whisper-turbo__ami__s01__main: 50/200  1.68 s/utt
[12:50:55] [lane0 whisper-turbo]   whisper-turbo__ami__s01__main: 100/200  1.68 s/utt
[12:52:17] [lane0 whisper-turbo]   whisper-turbo__ami__s01__main: 150/200  1.67 s/utt
[12:53:40] [lane0 whisper-turbo]   whisper-turbo__ami__s01__main: 200/200  1.67 s/utt
[12:53:40] [lane0 whisper-turbo] done whisper-turbo__ami__s01__main [done] 200 utts in 5.6 min (1.67 s/utt, RTF 0.519)
[12:53:41] [lane0 whisper-turbo] job whisper-turbo__earnings22__s01__main: 200 utts, 0 already done, arms ['greedy', 'beam', 'sample']
[12:55:07] [lane0 whisper-turbo]   whisper-turbo__earnings22__s01__main: 50/200  1.74 s/utt
[12:56:37] [lane0 whisper-turbo]   whisper-turbo__earnings22__s01__main: 100/200  1.77 s/utt
[12:56:49] [lane0 whisper-turbo] deadline reached inside whisper-turbo__earnings22__s01__main after 107 utts
[12:56:49] [lane0 whisper-turbo] done whisper-turbo__earnings22__s01__main [partial] 107 utts in 3.1 min (1.76 s/utt, RTF 0.299)
[12:56:49] [lane0 whisper-turbo] exiting after 5 jobs
