[22:09:08] [lane1 whisfusion] host d165e1ad7587  cuda=True  device=Tesla T4
[22:09:53] [lane1 whisfusion] model loaded in 45 s
[22:09:53] [lane1 whisfusion] job whisfusion__ls-dev-clean__s00__main: 200 utts, 0 already done, arms ['main']
[22:11:43] [lane1 whisfusion]   whisfusion__ls-dev-clean__s00__main: 50/200  2.20 s/utt
[22:13:40] [lane1 whisfusion]   whisfusion__ls-dev-clean__s00__main: 100/200  2.26 s/utt
[22:15:35] [lane1 whisfusion]   whisfusion__ls-dev-clean__s00__main: 150/200  2.28 s/utt
[22:17:30] [lane1 whisfusion]   whisfusion__ls-dev-clean__s00__main: 200/200  2.29 s/utt
[22:17:31] [lane1 whisfusion] done whisfusion__ls-dev-clean__s00__main [done] 200 utts in 7.6 min (2.29 s/utt, RTF 0.347)
[22:17:31] [lane1 whisfusion] job whisfusion__ls-dev-other__s00__main: 200 utts, 0 already done, arms ['main']
[22:19:25] [lane1 whisfusion]   whisfusion__ls-dev-other__s00__main: 50/200  2.29 s/utt
[22:21:20] [lane1 whisfusion]   whisfusion__ls-dev-other__s00__main: 100/200  2.29 s/utt
[22:23:14] [lane1 whisfusion]   whisfusion__ls-dev-other__s00__main: 150/200  2.29 s/utt
[22:25:08] [lane1 whisfusion]   whisfusion__ls-dev-other__s00__main: 200/200  2.29 s/utt
[22:25:08] [lane1 whisfusion] done whisfusion__ls-dev-other__s00__main [done] 200 utts in 7.6 min (2.29 s/utt, RTF 0.352)
[22:25:08] [lane1 whisfusion] job whisfusion__ls-dev-clean__s01__main: 200 utts, 0 already done, arms ['main']
[22:27:03] [lane1 whisfusion]   whisfusion__ls-dev-clean__s01__main: 50/200  2.29 s/utt
[22:28:57] [lane1 whisfusion]   whisfusion__ls-dev-clean__s01__main: 100/200  2.29 s/utt
[22:30:51] [lane1 whisfusion]   whisfusion__ls-dev-clean__s01__main: 150/200  2.29 s/utt
[22:32:45] [lane1 whisfusion]   whisfusion__ls-dev-clean__s01__main: 200/200  2.28 s/utt
[22:32:45] [lane1 whisfusion] done whisfusion__ls-dev-clean__s01__main [done] 200 utts in 7.6 min (2.29 s/utt, RTF 0.329)
[22:32:45] [lane1 whisfusion] job whisfusion__ls-dev-other__s01__main: 200 utts, 0 already done, arms ['main']
[22:34:40] [lane1 whisfusion]   whisfusion__ls-dev-other__s01__main: 50/200  2.29 s/utt
[22:36:34] [lane1 whisfusion]   whisfusion__ls-dev-other__s01__main: 100/200  2.28 s/utt
[22:38:29] [lane1 whisfusion]   whisfusion__ls-dev-other__s01__main: 150/200  2.29 s/utt
[22:40:23] [lane1 whisfusion]   whisfusion__ls-dev-other__s01__main: 200/200  2.29 s/utt
[22:40:23] [lane1 whisfusion] done whisfusion__ls-dev-other__s01__main [done] 200 utts in 7.6 min (2.29 s/utt, RTF 0.357)
[22:40:23] [lane1 whisfusion] yielding: another model has lower-tier work waiting
[22:40:23] [lane1 whisfusion] exiting after 4 jobs
[22:40:28] [lane1 drax] host d165e1ad7587  cuda=True  device=Tesla T4
[22:41:04] [lane1 drax] model loaded in 36 s
[22:41:04] [lane1 drax] job drax__ls-dev-clean__s01__main: 200 utts, 0 already done, arms ['main', 'ref']
[22:44:43] [lane1 drax]   drax__ls-dev-clean__s01__main: 50/200  4.38 s/utt
[22:48:30] [lane1 drax]   drax__ls-dev-clean__s01__main: 100/200  4.46 s/utt
[22:52:19] [lane1 drax]   drax__ls-dev-clean__s01__main: 150/200  4.50 s/utt
[22:56:08] [lane1 drax]   drax__ls-dev-clean__s01__main: 200/200  4.52 s/utt
[22:56:08] [lane1 drax] done drax__ls-dev-clean__s01__main [done] 200 utts in 15.1 min (4.52 s/utt, RTF 0.650)
[22:56:08] [lane1 drax] job drax__ls-test-clean__s00__main: 200 utts, 0 already done, arms ['main', 'ref']
[22:59:58] [lane1 drax]   drax__ls-test-clean__s00__main: 50/200  4.59 s/utt
[23:03:47] [lane1 drax]   drax__ls-test-clean__s00__main: 100/200  4.59 s/utt
[23:07:37] [lane1 drax]   drax__ls-test-clean__s00__main: 150/200  4.59 s/utt
[23:11:27] [lane1 drax]   drax__ls-test-clean__s00__main: 200/200  4.59 s/utt
[23:11:27] [lane1 drax] done drax__ls-test-clean__s00__main [done] 200 utts in 15.3 min (4.59 s/utt, RTF 0.646)
[23:11:27] [lane1 drax] job drax__ami__s00__main: 200 utts, 0 already done, arms ['main', 'ref']
[23:15:16] [lane1 drax]   drax__ami__s00__main: 50/200  4.58 s/utt
[23:19:05] [lane1 drax]   drax__ami__s00__main: 100/200  4.58 s/utt
[23:22:54] [lane1 drax]   drax__ami__s00__main: 150/200  4.58 s/utt
[23:26:42] [lane1 drax]   drax__ami__s00__main: 200/200  4.58 s/utt
[23:26:42] [lane1 drax] done drax__ami__s00__main [done] 200 utts in 15.3 min (4.58 s/utt, RTF 1.486)
[23:26:42] [lane1 drax] job drax__voxpopuli__s00__main: 200 utts, 0 already done, arms ['main', 'ref']
[23:30:32] [lane1 drax]   drax__voxpopuli__s00__main: 50/200  4.58 s/utt
[23:34:21] [lane1 drax]   drax__voxpopuli__s00__main: 100/200  4.58 s/utt
[23:38:10] [lane1 drax]   drax__voxpopuli__s00__main: 150/200  4.58 s/utt
[23:41:59] [lane1 drax]   drax__voxpopuli__s00__main: 200/200  4.58 s/utt
[23:41:59] [lane1 drax] done drax__voxpopuli__s00__main [done] 200 utts in 15.3 min (4.58 s/utt, RTF 0.671)
[23:41:59] [lane1 drax] job drax__spgispeech__s00__main: 200 utts, 0 already done, arms ['main', 'ref']
[23:45:47] [lane1 drax]   drax__spgispeech__s00__main: 50/200  4.56 s/utt
[23:49:35] [lane1 drax]   drax__spgispeech__s00__main: 100/200  4.56 s/utt
[23:53:25] [lane1 drax]   drax__spgispeech__s00__main: 150/200  4.57 s/utt
[23:57:15] [lane1 drax]   drax__spgispeech__s00__main: 200/200  4.58 s/utt
[23:57:15] [lane1 drax] done drax__spgispeech__s00__main [done] 200 utts in 15.3 min (4.58 s/utt, RTF 0.502)
[23:57:15] [lane1 drax] job drax__fleurs-en__s00__main: 200 utts, 0 already done, arms ['main', 'ref']
[00:01:05] [lane1 drax]   drax__fleurs-en__s00__main: 50/200  4.60 s/utt
[00:04:55] [lane1 drax]   drax__fleurs-en__s00__main: 100/200  4.60 s/utt
[00:08:44] [lane1 drax]   drax__fleurs-en__s00__main: 150/200  4.59 s/utt
[00:12:34] [lane1 drax]   drax__fleurs-en__s00__main: 200/200  4.59 s/utt
[00:12:34] [lane1 drax] done drax__fleurs-en__s00__main [done] 200 utts in 15.3 min (4.59 s/utt, RTF 0.471)
[00:12:34] [lane1 drax] job drax__ls-tc-babble10__s00__main: 200 utts, 0 already done, arms ['main', 'ref']
[00:16:23] [lane1 drax]   drax__ls-tc-babble10__s00__main: 50/200  4.59 s/utt
[00:20:13] [lane1 drax]   drax__ls-tc-babble10__s00__main: 100/200  4.59 s/utt
[00:24:02] [lane1 drax]   drax__ls-tc-babble10__s00__main: 150/200  4.59 s/utt
[00:27:51] [lane1 drax]   drax__ls-tc-babble10__s00__main: 200/200  4.59 s/utt
[00:27:51] [lane1 drax] done drax__ls-tc-babble10__s00__main [done] 200 utts in 15.3 min (4.59 s/utt, RTF 0.645)
[00:27:51] [lane1 drax] job drax__ls-tc-babble0__s00__main: 200 utts, 0 already done, arms ['main', 'ref']
[00:31:41] [lane1 drax]   drax__ls-tc-babble0__s00__main: 50/200  4.58 s/utt
[00:35:30] [lane1 drax]   drax__ls-tc-babble0__s00__main: 100/200  4.58 s/utt
[00:39:19] [lane1 drax]   drax__ls-tc-babble0__s00__main: 150/200  4.58 s/utt
[00:43:08] [lane1 drax]   drax__ls-tc-babble0__s00__main: 200/200  4.58 s/utt
[00:43:08] [lane1 drax] done drax__ls-tc-babble0__s00__main [done] 200 utts in 15.3 min (4.58 s/utt, RTF 0.645)
[00:43:08] [lane1 drax] job drax__fleurs-de__s00__main: 200 utts, 0 already done, arms ['main', 'ref']
[00:46:59] [lane1 drax]   drax__fleurs-de__s00__main: 50/200  4.61 s/utt
[00:50:48] [lane1 drax]   drax__fleurs-de__s00__main: 100/200  4.60 s/utt
[00:54:38] [lane1 drax]   drax__fleurs-de__s00__main: 150/200  4.60 s/utt
[00:58:28] [lane1 drax]   drax__fleurs-de__s00__main: 200/200  4.60 s/utt
[00:58:28] [lane1 drax] done drax__fleurs-de__s00__main [done] 200 utts in 15.3 min (4.60 s/utt, RTF 0.363)
[00:58:28] [lane1 drax] job drax__fleurs-es__s00__main: 200 utts, 0 already done, arms ['main', 'ref']
[01:02:18] [lane1 drax]   drax__fleurs-es__s00__main: 50/200  4.61 s/utt
[01:06:09] [lane1 drax]   drax__fleurs-es__s00__main: 100/200  4.61 s/utt
[01:09:58] [lane1 drax]   drax__fleurs-es__s00__main: 150/200  4.60 s/utt
[01:13:48] [lane1 drax]   drax__fleurs-es__s00__main: 200/200  4.60 s/utt
[01:13:48] [lane1 drax] done drax__fleurs-es__s00__main [done] 200 utts in 15.3 min (4.60 s/utt, RTF 0.385)
[01:13:48] [lane1 drax] job drax__fleurs-pt__s00__main: 200 utts, 0 already done, arms ['main', 'ref']
[01:17:38] [lane1 drax]   drax__fleurs-pt__s00__main: 50/200  4.60 s/utt
[01:21:28] [lane1 drax]   drax__fleurs-pt__s00__main: 100/200  4.60 s/utt
[01:25:19] [lane1 drax]   drax__fleurs-pt__s00__main: 150/200  4.60 s/utt
[01:29:08] [lane1 drax]   drax__fleurs-pt__s00__main: 200/200  4.60 s/utt
[01:29:09] [lane1 drax] done drax__fleurs-pt__s00__main [done] 200 utts in 15.3 min (4.60 s/utt, RTF 0.361)
[01:29:09] [lane1 drax] yielding: another model has lower-tier work waiting
[01:29:09] [lane1 drax] exiting after 11 jobs
[01:29:13] [lane1 whisfusion] host d165e1ad7587  cuda=True  device=Tesla T4
[01:29:31] [lane1 whisfusion] model loaded in 19 s
[01:29:31] [lane1 whisfusion] job whisfusion__ls-test-other__s00__main: 200 utts, 0 already done, arms ['main']
[01:31:29] [lane1 whisfusion]   whisfusion__ls-test-other__s00__main: 50/200  2.34 s/utt
[01:33:24] [lane1 whisfusion]   whisfusion__ls-test-other__s00__main: 100/200  2.32 s/utt
[01:35:18] [lane1 whisfusion]   whisfusion__ls-test-other__s00__main: 150/200  2.31 s/utt
[01:37:12] [lane1 whisfusion]   whisfusion__ls-test-other__s00__main: 200/200  2.30 s/utt
[01:37:12] [lane1 whisfusion] done whisfusion__ls-test-other__s00__main [done] 200 utts in 7.7 min (2.30 s/utt, RTF 0.353)
[01:37:12] [lane1 whisfusion] job whisfusion__ami__s00__main: 200 utts, 0 already done, arms ['main']
[01:39:06] [lane1 whisfusion]   whisfusion__ami__s00__main: 50/200  2.28 s/utt
[01:41:00] [lane1 whisfusion]   whisfusion__ami__s00__main: 100/200  2.28 s/utt
[01:42:54] [lane1 whisfusion]   whisfusion__ami__s00__main: 150/200  2.28 s/utt
[01:44:48] [lane1 whisfusion]   whisfusion__ami__s00__main: 200/200  2.28 s/utt
[01:44:48] [lane1 whisfusion] done whisfusion__ami__s00__main [done] 200 utts in 7.6 min (2.28 s/utt, RTF 0.740)
[01:44:48] [lane1 whisfusion] job whisfusion__voxpopuli__s00__main: 200 utts, 0 already done, arms ['main']
[01:46:42] [lane1 whisfusion]   whisfusion__voxpopuli__s00__main: 50/200  2.29 s/utt
[01:48:37] [lane1 whisfusion]   whisfusion__voxpopuli__s00__main: 100/200  2.29 s/utt
[01:50:31] [lane1 whisfusion]   whisfusion__voxpopuli__s00__main: 150/200  2.28 s/utt
[01:52:25] [lane1 whisfusion]   whisfusion__voxpopuli__s00__main: 200/200  2.28 s/utt
[01:52:25] [lane1 whisfusion] done whisfusion__voxpopuli__s00__main [done] 200 utts in 7.6 min (2.28 s/utt, RTF 0.335)
[01:52:25] [lane1 whisfusion] job whisfusion__spgispeech__s00__main: 200 utts, 0 already done, arms ['main']
[01:54:19] [lane1 whisfusion]   whisfusion__spgispeech__s00__main: 50/200  2.29 s/utt
[01:56:14] [lane1 whisfusion]   whisfusion__spgispeech__s00__main: 100/200  2.29 s/utt
[01:58:08] [lane1 whisfusion]   whisfusion__spgispeech__s00__main: 150/200  2.29 s/utt
[02:00:03] [lane1 whisfusion]   whisfusion__spgispeech__s00__main: 200/200  2.29 s/utt
[02:00:03] [lane1 whisfusion] done whisfusion__spgispeech__s00__main [done] 200 utts in 7.6 min (2.29 s/utt, RTF 0.251)
[02:00:03] [lane1 whisfusion] job whisfusion__fleurs-en__s00__main: 200 utts, 0 already done, arms ['main']
[02:01:58] [lane1 whisfusion]   whisfusion__fleurs-en__s00__main: 50/200  2.29 s/utt
[02:03:52] [lane1 whisfusion]   whisfusion__fleurs-en__s00__main: 100/200  2.29 s/utt
[02:05:47] [lane1 whisfusion]   whisfusion__fleurs-en__s00__main: 150/200  2.29 s/utt
[02:07:41] [lane1 whisfusion]   whisfusion__fleurs-en__s00__main: 200/200  2.29 s/utt
[02:07:42] [lane1 whisfusion] done whisfusion__fleurs-en__s00__main [done] 200 utts in 7.6 min (2.29 s/utt, RTF 0.235)
[02:07:42] [lane1 whisfusion] job whisfusion__ls-tc-babble10__s00__main: 200 utts, 0 already done, arms ['main']
[02:09:36] [lane1 whisfusion]   whisfusion__ls-tc-babble10__s00__main: 50/200  2.28 s/utt
[02:11:30] [lane1 whisfusion]   whisfusion__ls-tc-babble10__s00__main: 100/200  2.29 s/utt
[02:13:25] [lane1 whisfusion]   whisfusion__ls-tc-babble10__s00__main: 150/200  2.29 s/utt
[02:15:19] [lane1 whisfusion]   whisfusion__ls-tc-babble10__s00__main: 200/200  2.29 s/utt
[02:15:19] [lane1 whisfusion] done whisfusion__ls-tc-babble10__s00__main [done] 200 utts in 7.6 min (2.29 s/utt, RTF 0.322)
[02:15:19] [lane1 whisfusion] job whisfusion__ls-tc-babble0__s00__main: 200 utts, 0 already done, arms ['main']
[02:17:13] [lane1 whisfusion]   whisfusion__ls-tc-babble0__s00__main: 50/200  2.28 s/utt
[02:19:07] [lane1 whisfusion]   whisfusion__ls-tc-babble0__s00__main: 100/200  2.28 s/utt
[02:21:01] [lane1 whisfusion]   whisfusion__ls-tc-babble0__s00__main: 150/200  2.28 s/utt
[02:22:56] [lane1 whisfusion]   whisfusion__ls-tc-babble0__s00__main: 200/200  2.28 s/utt
[02:22:56] [lane1 whisfusion] done whisfusion__ls-tc-babble0__s00__main [done] 200 utts in 7.6 min (2.28 s/utt, RTF 0.321)
[02:22:56] [lane1 whisfusion] job whisfusion__ls-dev-other__s00__ablation: 200 utts, 0 already done, arms ['base16', 'steps8', 'fss_T1']
[02:26:45] [lane1 whisfusion]   whisfusion__ls-dev-other__s00__ablation: 50/200  4.58 s/utt
[02:30:34] [lane1 whisfusion]   whisfusion__ls-dev-other__s00__ablation: 100/200  4.58 s/utt
[02:34:24] [lane1 whisfusion]   whisfusion__ls-dev-other__s00__ablation: 150/200  4.59 s/utt
[02:38:14] [lane1 whisfusion]   whisfusion__ls-dev-other__s00__ablation: 200/200  4.59 s/utt
[02:38:14] [lane1 whisfusion] done whisfusion__ls-dev-other__s00__ablation [done] 200 utts in 15.3 min (4.59 s/utt, RTF 0.707)
[02:38:14] [lane1 whisfusion] job whisfusion__ami__s01__main: 200 utts, 0 already done, arms ['main']
[02:40:08] [lane1 whisfusion]   whisfusion__ami__s01__main: 50/200  2.28 s/utt
[02:42:02] [lane1 whisfusion]   whisfusion__ami__s01__main: 100/200  2.28 s/utt
[02:43:56] [lane1 whisfusion]   whisfusion__ami__s01__main: 150/200  2.28 s/utt
[02:45:50] [lane1 whisfusion]   whisfusion__ami__s01__main: 200/200  2.28 s/utt
[02:45:50] [lane1 whisfusion] done whisfusion__ami__s01__main [done] 200 utts in 7.6 min (2.28 s/utt, RTF 0.709)
[02:45:50] [lane1 whisfusion] job whisfusion__voxpopuli__s01__main: 200 utts, 0 already done, arms ['main']
[02:47:44] [lane1 whisfusion]   whisfusion__voxpopuli__s01__main: 50/200  2.28 s/utt
[02:49:38] [lane1 whisfusion]   whisfusion__voxpopuli__s01__main: 100/200  2.28 s/utt
[02:51:32] [lane1 whisfusion]   whisfusion__voxpopuli__s01__main: 150/200  2.28 s/utt
[02:53:27] [lane1 whisfusion]   whisfusion__voxpopuli__s01__main: 200/200  2.28 s/utt
[02:53:27] [lane1 whisfusion] done whisfusion__voxpopuli__s01__main [done] 200 utts in 7.6 min (2.28 s/utt, RTF 0.329)
[02:53:27] [lane1 whisfusion] job whisfusion__spgispeech__s01__main: 200 utts, 0 already done, arms ['main']
[02:55:20] [lane1 whisfusion]   whisfusion__spgispeech__s01__main: 50/200  2.27 s/utt
[02:57:14] [lane1 whisfusion]   whisfusion__spgispeech__s01__main: 100/200  2.27 s/utt
[02:59:09] [lane1 whisfusion]   whisfusion__spgispeech__s01__main: 150/200  2.28 s/utt
[03:01:03] [lane1 whisfusion]   whisfusion__spgispeech__s01__main: 200/200  2.28 s/utt
[03:01:04] [lane1 whisfusion] done whisfusion__spgispeech__s01__main [done] 200 utts in 7.6 min (2.28 s/utt, RTF 0.250)
[03:01:04] [lane1 whisfusion] job whisfusion__fleurs-en__s01__main: 200 utts, 0 already done, arms ['main']
[03:02:58] [lane1 whisfusion]   whisfusion__fleurs-en__s01__main: 50/200  2.29 s/utt
[03:04:53] [lane1 whisfusion]   whisfusion__fleurs-en__s01__main: 100/200  2.29 s/utt
[03:06:47] [lane1 whisfusion]   whisfusion__fleurs-en__s01__main: 150/200  2.29 s/utt
[03:08:41] [lane1 whisfusion]   whisfusion__fleurs-en__s01__main: 200/200  2.29 s/utt
[03:08:42] [lane1 whisfusion] done whisfusion__fleurs-en__s01__main [done] 200 utts in 7.6 min (2.29 s/utt, RTF 0.230)
[03:08:42] [lane1 whisfusion] job whisfusion__ls-tc-babble10__s01__main: 200 utts, 0 already done, arms ['main']
[03:10:36] [lane1 whisfusion]   whisfusion__ls-tc-babble10__s01__main: 50/200  2.28 s/utt
[03:12:30] [lane1 whisfusion]   whisfusion__ls-tc-babble10__s01__main: 100/200  2.28 s/utt
[03:14:24] [lane1 whisfusion]   whisfusion__ls-tc-babble10__s01__main: 150/200  2.28 s/utt
[03:16:18] [lane1 whisfusion]   whisfusion__ls-tc-babble10__s01__main: 200/200  2.28 s/utt
[03:16:19] [lane1 whisfusion] done whisfusion__ls-tc-babble10__s01__main [done] 200 utts in 7.6 min (2.28 s/utt, RTF 0.298)
[03:16:19] [lane1 whisfusion] job whisfusion__ls-tc-babble5__s01__main: 200 utts, 0 already done, arms ['main']
[03:18:13] [lane1 whisfusion]   whisfusion__ls-tc-babble5__s01__main: 50/200  2.29 s/utt
[03:20:07] [lane1 whisfusion]   whisfusion__ls-tc-babble5__s01__main: 100/200  2.29 s/utt
[03:22:01] [lane1 whisfusion]   whisfusion__ls-tc-babble5__s01__main: 150/200  2.28 s/utt
[03:23:54] [lane1 whisfusion]   whisfusion__ls-tc-babble5__s01__main: 200/200  2.28 s/utt
[03:23:55] [lane1 whisfusion] done whisfusion__ls-tc-babble5__s01__main [done] 200 utts in 7.6 min (2.28 s/utt, RTF 0.298)
[03:23:55] [lane1 whisfusion] job whisfusion__ls-tc-white5__s01__main: 200 utts, 0 already done, arms ['main']
[03:25:50] [lane1 whisfusion]   whisfusion__ls-tc-white5__s01__main: 50/200  2.30 s/utt
[03:27:47] [lane1 whisfusion]   whisfusion__ls-tc-white5__s01__main: 100/200  2.32 s/utt
[03:29:42] [lane1 whisfusion]   whisfusion__ls-tc-white5__s01__main: 150/200  2.32 s/utt
[03:31:37] [lane1 whisfusion]   whisfusion__ls-tc-white5__s01__main: 200/200  2.31 s/utt
[03:31:38] [lane1 whisfusion] done whisfusion__ls-tc-white5__s01__main [done] 200 utts in 7.7 min (2.31 s/utt, RTF 0.303)
[03:31:38] [lane1 whisfusion] yielding: another model has lower-tier work waiting
[03:31:38] [lane1 whisfusion] exiting after 15 jobs
[03:31:41] [lane1 drax] host d165e1ad7587  cuda=True  device=Tesla T4
[03:31:59] [lane1 drax] model loaded in 17 s
[03:31:59] [lane1 drax] job drax__ls-test-clean__s01__main: 200 utts, 0 already done, arms ['main', 'ref']
[03:35:42] [lane1 drax]   drax__ls-test-clean__s01__main: 50/200  4.47 s/utt
[03:39:31] [lane1 drax]   drax__ls-test-clean__s01__main: 100/200  4.52 s/utt
[03:43:20] [lane1 drax]   drax__ls-test-clean__s01__main: 150/200  4.55 s/utt
[03:47:09] [lane1 drax]   drax__ls-test-clean__s01__main: 200/200  4.55 s/utt
[03:47:09] [lane1 drax] done drax__ls-test-clean__s01__main [done] 200 utts in 15.2 min (4.55 s/utt, RTF 0.595)
[03:47:09] [lane1 drax] job drax__ls-test-other__s01__main: 200 utts, 0 already done, arms ['main', 'ref']
[03:50:59] [lane1 drax]   drax__ls-test-other__s01__main: 50/200  4.60 s/utt
[03:54:48] [lane1 drax]   drax__ls-test-other__s01__main: 100/200  4.59 s/utt
[03:58:38] [lane1 drax]   drax__ls-test-other__s01__main: 150/200  4.59 s/utt
[04:02:26] [lane1 drax]   drax__ls-test-other__s01__main: 200/200  4.59 s/utt
[04:02:26] [lane1 drax] done drax__ls-test-other__s01__main [done] 200 utts in 15.3 min (4.59 s/utt, RTF 0.710)
[04:02:26] [lane1 drax] job drax__ami__s01__main: 200 utts, 0 already done, arms ['main', 'ref']
[04:06:15] [lane1 drax]   drax__ami__s01__main: 50/200  4.58 s/utt
[04:10:03] [lane1 drax]   drax__ami__s01__main: 100/200  4.57 s/utt
[04:13:52] [lane1 drax]   drax__ami__s01__main: 150/200  4.57 s/utt
[04:17:40] [lane1 drax]   drax__ami__s01__main: 200/200  4.57 s/utt
[04:17:40] [lane1 drax] done drax__ami__s01__main [done] 200 utts in 15.2 min (4.57 s/utt, RTF 1.421)
[04:17:40] [lane1 drax] job drax__earnings22__s01__main: 200 utts, 0 already done, arms ['main', 'ref']
[04:21:30] [lane1 drax]   drax__earnings22__s01__main: 50/200  4.59 s/utt
[04:25:18] [lane1 drax]   drax__earnings22__s01__main: 100/200  4.58 s/utt
[04:29:07] [lane1 drax]   drax__earnings22__s01__main: 150/200  4.58 s/utt
[04:32:56] [lane1 drax]   drax__earnings22__s01__main: 200/200  4.58 s/utt
[04:32:57] [lane1 drax] done drax__earnings22__s01__main [done] 200 utts in 15.3 min (4.58 s/utt, RTF 0.736)
[04:32:57] [lane1 drax] job drax__voxpopuli__s01__main: 200 utts, 0 already done, arms ['main', 'ref']
[04:36:47] [lane1 drax]   drax__voxpopuli__s01__main: 50/200  4.60 s/utt
[04:40:36] [lane1 drax]   drax__voxpopuli__s01__main: 100/200  4.59 s/utt
[04:44:25] [lane1 drax]   drax__voxpopuli__s01__main: 150/200  4.59 s/utt
[04:48:14] [lane1 drax]   drax__voxpopuli__s01__main: 200/200  4.59 s/utt
[04:48:14] [lane1 drax] done drax__voxpopuli__s01__main [done] 200 utts in 15.3 min (4.59 s/utt, RTF 0.662)
[04:48:14] [lane1 drax] job drax__gigaspeech__s01__main: 200 utts, 0 already done, arms ['main', 'ref']
[04:52:05] [lane1 drax]   drax__gigaspeech__s01__main: 50/200  4.61 s/utt
[04:55:56] [lane1 drax]   drax__gigaspeech__s01__main: 100/200  4.61 s/utt
[04:59:45] [lane1 drax]   drax__gigaspeech__s01__main: 150/200  4.61 s/utt
[05:03:35] [lane1 drax]   drax__gigaspeech__s01__main: 200/200  4.60 s/utt
[05:03:35] [lane1 drax] done drax__gigaspeech__s01__main [done] 200 utts in 15.3 min (4.60 s/utt, RTF 0.769)
[05:03:35] [lane1 drax] job drax__common_voice__s01__main: 200 utts, 0 already done, arms ['main', 'ref']
[05:07:23] [lane1 drax]   drax__common_voice__s01__main: 50/200  4.57 s/utt
[05:11:12] [lane1 drax]   drax__common_voice__s01__main: 100/200  4.57 s/utt
[05:15:02] [lane1 drax]   drax__common_voice__s01__main: 150/200  4.58 s/utt
[05:18:50] [lane1 drax]   drax__common_voice__s01__main: 200/200  4.58 s/utt
[05:18:50] [lane1 drax] done drax__common_voice__s01__main [done] 200 utts in 15.3 min (4.58 s/utt, RTF 0.864)
[05:18:50] [lane1 drax] job drax__slr83__s01__main: 200 utts, 0 already done, arms ['main', 'ref']
[05:22:40] [lane1 drax]   drax__slr83__s01__main: 50/200  4.58 s/utt
[05:26:29] [lane1 drax]   drax__slr83__s01__main: 100/200  4.58 s/utt
[05:30:18] [lane1 drax]   drax__slr83__s01__main: 150/200  4.58 s/utt
[05:34:07] [lane1 drax]   drax__slr83__s01__main: 200/200  4.58 s/utt
[05:34:07] [lane1 drax] done drax__slr83__s01__main [done] 200 utts in 15.3 min (4.58 s/utt, RTF 0.691)
[05:34:07] [lane1 drax] job drax__ls-tc-babble5__s01__main: 200 utts, 0 already done, arms ['main', 'ref']
[05:37:57] [lane1 drax]   drax__ls-tc-babble5__s01__main: 50/200  4.59 s/utt
[05:41:47] [lane1 drax]   drax__ls-tc-babble5__s01__main: 100/200  4.60 s/utt
[05:45:37] [lane1 drax]   drax__ls-tc-babble5__s01__main: 150/200  4.60 s/utt
[05:49:27] [lane1 drax]   drax__ls-tc-babble5__s01__main: 200/200  4.60 s/utt
[05:49:27] [lane1 drax] done drax__ls-tc-babble5__s01__main [done] 200 utts in 15.3 min (4.60 s/utt, RTF 0.601)
[05:49:27] [lane1 drax] job drax__ls-tc-white5__s01__main: 200 utts, 0 already done, arms ['main', 'ref']
[05:53:17] [lane1 drax]   drax__ls-tc-white5__s01__main: 50/200  4.60 s/utt
[05:57:05] [lane1 drax]   drax__ls-tc-white5__s01__main: 100/200  4.58 s/utt
[06:00:54] [lane1 drax]   drax__ls-tc-white5__s01__main: 150/200  4.58 s/utt
[06:04:43] [lane1 drax]   drax__ls-tc-white5__s01__main: 200/200  4.58 s/utt
[06:04:43] [lane1 drax] done drax__ls-tc-white5__s01__main [done] 200 utts in 15.3 min (4.58 s/utt, RTF 0.599)
[06:04:43] [lane1 drax] job drax__fleurs-fr__s01__main: 200 utts, 0 already done, arms ['main', 'ref']
[06:08:34] [lane1 drax]   drax__fleurs-fr__s01__main: 50/200  4.60 s/utt
[06:12:24] [lane1 drax]   drax__fleurs-fr__s01__main: 100/200  4.61 s/utt
[06:16:15] [lane1 drax]   drax__fleurs-fr__s01__main: 150/200  4.61 s/utt
[06:20:05] [lane1 drax]   drax__fleurs-fr__s01__main: 200/200  4.61 s/utt
[06:20:05] [lane1 drax] done drax__fleurs-fr__s01__main [done] 200 utts in 15.4 min (4.61 s/utt, RTF 0.442)
[06:20:05] [lane1 drax] job drax__fleurs-it__s01__main: 200 utts, 0 already done, arms ['main', 'ref']
[06:23:56] [lane1 drax]   drax__fleurs-it__s01__main: 50/200  4.63 s/utt
[06:27:47] [lane1 drax]   drax__fleurs-it__s01__main: 100/200  4.62 s/utt
[06:31:38] [lane1 drax]   drax__fleurs-it__s01__main: 150/200  4.62 s/utt
[06:35:29] [lane1 drax]   drax__fleurs-it__s01__main: 200/200  4.62 s/utt
[06:35:29] [lane1 drax] done drax__fleurs-it__s01__main [done] 200 utts in 15.4 min (4.62 s/utt, RTF 0.328)
[06:35:29] [lane1 drax] job drax__ls-test-other__s00__kscale: 200 utts, 0 already done, arms ['K64']
[06:47:31] [lane1 drax]   drax__ls-test-other__s00__kscale: 50/200  14.42 s/utt
[06:59:30] [lane1 drax]   drax__ls-test-other__s00__kscale: 100/200  14.41 s/utt
[07:11:29] [lane1 drax]   drax__ls-test-other__s00__kscale: 150/200  14.40 s/utt
[07:23:31] [lane1 drax]   drax__ls-test-other__s00__kscale: 200/200  14.41 s/utt
[07:23:31] [lane1 drax] done drax__ls-test-other__s00__kscale [done] 200 utts in 48.0 min (14.41 s/utt, RTF 2.209)
[07:23:31] [lane1 drax] job drax__earnings22__s02__main: 200 utts, 0 already done, arms ['main', 'ref']
[07:27:21] [lane1 drax]   drax__earnings22__s02__main: 50/200  4.60 s/utt
[07:31:10] [lane1 drax]   drax__earnings22__s02__main: 100/200  4.59 s/utt
[07:35:00] [lane1 drax]   drax__earnings22__s02__main: 150/200  4.59 s/utt
[07:38:49] [lane1 drax]   drax__earnings22__s02__main: 200/200  4.59 s/utt
[07:38:49] [lane1 drax] done drax__earnings22__s02__main [done] 200 utts in 15.3 min (4.59 s/utt, RTF 0.692)
[07:38:50] [lane1 drax] job drax__voxpopuli__s02__main: 200 utts, 0 already done, arms ['main', 'ref']
[07:42:38] [lane1 drax]   drax__voxpopuli__s02__main: 50/200  4.57 s/utt
[07:46:28] [lane1 drax]   drax__voxpopuli__s02__main: 100/200  4.58 s/utt
[07:50:17] [lane1 drax]   drax__voxpopuli__s02__main: 150/200  4.58 s/utt
[07:54:07] [lane1 drax]   drax__voxpopuli__s02__main: 200/200  4.59 s/utt
[07:54:07] [lane1 drax] done drax__voxpopuli__s02__main [done] 200 utts in 15.3 min (4.59 s/utt, RTF 0.692)
[07:54:07] [lane1 drax] job drax__spgispeech__s02__main: 200 utts, 0 already done, arms ['main', 'ref']
[07:57:58] [lane1 drax]   drax__spgispeech__s02__main: 50/200  4.61 s/utt
[08:01:48] [lane1 drax]   drax__spgispeech__s02__main: 100/200  4.61 s/utt
[08:05:39] [lane1 drax]   drax__spgispeech__s02__main: 150/200  4.61 s/utt
[08:09:29] [lane1 drax]   drax__spgispeech__s02__main: 200/200  4.61 s/utt
[08:09:30] [lane1 drax] done drax__spgispeech__s02__main [done] 200 utts in 15.4 min (4.61 s/utt, RTF 0.519)
[08:09:30] [lane1 drax] job drax__fleurs-en__s02__main: 200 utts, 0 already done, arms ['main', 'ref']
[08:13:20] [lane1 drax]   drax__fleurs-en__s02__main: 50/200  4.61 s/utt
[08:17:09] [lane1 drax]   drax__fleurs-en__s02__main: 100/200  4.60 s/utt
[08:21:00] [lane1 drax]   drax__fleurs-en__s02__main: 150/200  4.60 s/utt
[08:24:51] [lane1 drax]   drax__fleurs-en__s02__main: 200/200  4.61 s/utt
[08:24:52] [lane1 drax] done drax__fleurs-en__s02__main [done] 200 utts in 15.4 min (4.61 s/utt, RTF 0.477)
[08:24:52] [lane1 drax] job drax__ls-tc-babble10__s02__main: 200 utts, 0 already done, arms ['main', 'ref']
[08:28:44] [lane1 drax]   drax__ls-tc-babble10__s02__main: 50/200  4.65 s/utt
[08:32:36] [lane1 drax]   drax__ls-tc-babble10__s02__main: 100/200  4.64 s/utt
[08:36:28] [lane1 drax]   drax__ls-tc-babble10__s02__main: 150/200  4.64 s/utt
[08:40:19] [lane1 drax]   drax__ls-tc-babble10__s02__main: 200/200  4.64 s/utt
[08:40:19] [lane1 drax] done drax__ls-tc-babble10__s02__main [done] 200 utts in 15.5 min (4.64 s/utt, RTF 0.647)
[08:40:19] [lane1 drax] job drax__ls-tc-babble0__s02__main: 200 utts, 0 already done, arms ['main', 'ref']
[08:44:12] [lane1 drax]   drax__ls-tc-babble0__s02__main: 50/200  4.65 s/utt
[08:48:03] [lane1 drax]   drax__ls-tc-babble0__s02__main: 100/200  4.64 s/utt
[08:51:55] [lane1 drax]   drax__ls-tc-babble0__s02__main: 150/200  4.64 s/utt
[08:55:48] [lane1 drax]   drax__ls-tc-babble0__s02__main: 200/200  4.64 s/utt
[08:55:48] [lane1 drax] done drax__ls-tc-babble0__s02__main [done] 200 utts in 15.5 min (4.64 s/utt, RTF 0.648)
[08:55:48] [lane1 drax] job drax__fleurs-de__s02__main: 200 utts, 0 already done, arms ['main', 'ref']
[08:59:40] [lane1 drax]   drax__fleurs-de__s02__main: 50/200  4.65 s/utt
[09:03:33] [lane1 drax]   drax__fleurs-de__s02__main: 100/200  4.65 s/utt
[09:07:07] [lane1 drax] deadline reached inside drax__fleurs-de__s02__main after 146 utts
[09:07:07] [lane1 drax] done drax__fleurs-de__s02__main [partial] 146 utts in 11.3 min (4.65 s/utt, RTF 0.370)
[09:07:07] [lane1 drax] exiting after 20 jobs
