[22:09:07] [lane0 drax] host d165e1ad7587  cuda=True  device=Tesla T4
[22:10:11] [lane0 drax] model loaded in 64 s
[22:10:11] [lane0 drax] job drax__ls-dev-clean__s00__main: 200 utts, 0 already done, arms ['main', 'ref']
[22:14:13] [lane0 drax]   drax__ls-dev-clean__s00__main: 50/200  4.83 s/utt
[22:18:23] [lane0 drax]   drax__ls-dev-clean__s00__main: 100/200  4.92 s/utt
[22:22:32] [lane0 drax]   drax__ls-dev-clean__s00__main: 150/200  4.94 s/utt
[22:26:40] [lane0 drax]   drax__ls-dev-clean__s00__main: 200/200  4.94 s/utt
[22:26:40] [lane0 drax] done drax__ls-dev-clean__s00__main [done] 200 utts in 16.5 min (4.94 s/utt, RTF 0.750)
[22:26:40] [lane0 drax] job drax__ls-dev-other__s00__main: 200 utts, 0 already done, arms ['main', 'ref']
[22:30:48] [lane0 drax]   drax__ls-dev-other__s00__main: 50/200  4.97 s/utt
[22:34:56] [lane0 drax]   drax__ls-dev-other__s00__main: 100/200  4.97 s/utt
[22:39:05] [lane0 drax]   drax__ls-dev-other__s00__main: 150/200  4.97 s/utt
[22:43:13] [lane0 drax]   drax__ls-dev-other__s00__main: 200/200  4.97 s/utt
[22:43:13] [lane0 drax] done drax__ls-dev-other__s00__main [done] 200 utts in 16.6 min (4.97 s/utt, RTF 0.765)
[22:43:13] [lane0 drax] job drax__ls-dev-other__s01__main: 200 utts, 0 already done, arms ['main', 'ref']
[22:47:21] [lane0 drax]   drax__ls-dev-other__s01__main: 50/200  4.96 s/utt
[22:51:30] [lane0 drax]   drax__ls-dev-other__s01__main: 100/200  4.96 s/utt
[22:55:38] [lane0 drax]   drax__ls-dev-other__s01__main: 150/200  4.96 s/utt
[22:59:46] [lane0 drax]   drax__ls-dev-other__s01__main: 200/200  4.96 s/utt
[22:59:46] [lane0 drax] done drax__ls-dev-other__s01__main [done] 200 utts in 16.5 min (4.96 s/utt, RTF 0.775)
[22:59:46] [lane0 drax] job drax__ls-test-other__s00__main: 200 utts, 0 already done, arms ['main', 'ref']
[23:03:54] [lane0 drax]   drax__ls-test-other__s00__main: 50/200  4.96 s/utt
[23:08:02] [lane0 drax]   drax__ls-test-other__s00__main: 100/200  4.96 s/utt
[23:12:11] [lane0 drax]   drax__ls-test-other__s00__main: 150/200  4.97 s/utt
[23:16:20] [lane0 drax]   drax__ls-test-other__s00__main: 200/200  4.97 s/utt
[23:16:20] [lane0 drax] done drax__ls-test-other__s00__main [done] 200 utts in 16.6 min (4.97 s/utt, RTF 0.762)
[23:16:20] [lane0 drax] job drax__earnings22__s00__main: 200 utts, 0 already done, arms ['main', 'ref']
[23:20:29] [lane0 drax]   drax__earnings22__s00__main: 50/200  4.98 s/utt
[23:24:38] [lane0 drax]   drax__earnings22__s00__main: 100/200  4.97 s/utt
[23:28:46] [lane0 drax]   drax__earnings22__s00__main: 150/200  4.97 s/utt
[23:32:54] [lane0 drax]   drax__earnings22__s00__main: 200/200  4.97 s/utt
[23:32:55] [lane0 drax] done drax__earnings22__s00__main [done] 200 utts in 16.6 min (4.97 s/utt, RTF 0.793)
[23:32:55] [lane0 drax] job drax__gigaspeech__s00__main: 200 utts, 0 already done, arms ['main', 'ref']
[23:37:02] [lane0 drax]   drax__gigaspeech__s00__main: 50/200  4.95 s/utt
[23:41:11] [lane0 drax]   drax__gigaspeech__s00__main: 100/200  4.96 s/utt
[23:45:19] [lane0 drax]   drax__gigaspeech__s00__main: 150/200  4.96 s/utt
[23:49:26] [lane0 drax]   drax__gigaspeech__s00__main: 200/200  4.96 s/utt
[23:49:27] [lane0 drax] done drax__gigaspeech__s00__main [done] 200 utts in 16.5 min (4.96 s/utt, RTF 0.820)
[23:49:27] [lane0 drax] job drax__common_voice__s00__main: 200 utts, 0 already done, arms ['main', 'ref']
[23:53:34] [lane0 drax]   drax__common_voice__s00__main: 50/200  4.95 s/utt
[23:57:42] [lane0 drax]   drax__common_voice__s00__main: 100/200  4.95 s/utt
[00:01:50] [lane0 drax]   drax__common_voice__s00__main: 150/200  4.96 s/utt
[00:05:58] [lane0 drax]   drax__common_voice__s00__main: 200/200  4.96 s/utt
[00:05:58] [lane0 drax] done drax__common_voice__s00__main [done] 200 utts in 16.5 min (4.96 s/utt, RTF 0.907)
[00:05:58] [lane0 drax] job drax__slr83__s00__main: 200 utts, 0 already done, arms ['main', 'ref']
[00:10:05] [lane0 drax]   drax__slr83__s00__main: 50/200  4.95 s/utt
[00:14:13] [lane0 drax]   drax__slr83__s00__main: 100/200  4.95 s/utt
[00:18:21] [lane0 drax]   drax__slr83__s00__main: 150/200  4.95 s/utt
[00:22:29] [lane0 drax]   drax__slr83__s00__main: 200/200  4.95 s/utt
[00:22:29] [lane0 drax] done drax__slr83__s00__main [done] 200 utts in 16.5 min (4.96 s/utt, RTF 0.717)
[00:22:29] [lane0 drax] job drax__ls-tc-babble5__s00__main: 200 utts, 0 already done, arms ['main', 'ref']
[00:26:37] [lane0 drax]   drax__ls-tc-babble5__s00__main: 50/200  4.97 s/utt
[00:30:46] [lane0 drax]   drax__ls-tc-babble5__s00__main: 100/200  4.97 s/utt
[00:34:54] [lane0 drax]   drax__ls-tc-babble5__s00__main: 150/200  4.97 s/utt
[00:39:01] [lane0 drax]   drax__ls-tc-babble5__s00__main: 200/200  4.96 s/utt
[00:39:02] [lane0 drax] done drax__ls-tc-babble5__s00__main [done] 200 utts in 16.5 min (4.96 s/utt, RTF 0.698)
[00:39:02] [lane0 drax] job drax__ls-tc-white5__s00__main: 200 utts, 0 already done, arms ['main', 'ref']
[00:43:10] [lane0 drax]   drax__ls-tc-white5__s00__main: 50/200  4.96 s/utt
[00:47:18] [lane0 drax]   drax__ls-tc-white5__s00__main: 100/200  4.96 s/utt
[00:51:26] [lane0 drax]   drax__ls-tc-white5__s00__main: 150/200  4.96 s/utt
[00:55:33] [lane0 drax]   drax__ls-tc-white5__s00__main: 200/200  4.96 s/utt
[00:55:33] [lane0 drax] done drax__ls-tc-white5__s00__main [done] 200 utts in 16.5 min (4.96 s/utt, RTF 0.697)
[00:55:33] [lane0 drax] job drax__fleurs-fr__s00__main: 200 utts, 0 already done, arms ['main', 'ref']
[00:59:42] [lane0 drax]   drax__fleurs-fr__s00__main: 50/200  4.97 s/utt
[01:03:51] [lane0 drax]   drax__fleurs-fr__s00__main: 100/200  4.98 s/utt
[01:08:01] [lane0 drax]   drax__fleurs-fr__s00__main: 150/200  4.99 s/utt
[01:12:11] [lane0 drax]   drax__fleurs-fr__s00__main: 200/200  4.99 s/utt
[01:12:11] [lane0 drax] done drax__fleurs-fr__s00__main [done] 200 utts in 16.6 min (4.99 s/utt, RTF 0.485)
[01:12:11] [lane0 drax] job drax__fleurs-it__s00__main: 200 utts, 0 already done, arms ['main', 'ref']
[01:16:19] [lane0 drax]   drax__fleurs-it__s00__main: 50/200  4.96 s/utt
[01:20:28] [lane0 drax]   drax__fleurs-it__s00__main: 100/200  4.97 s/utt
[01:24:38] [lane0 drax]   drax__fleurs-it__s00__main: 150/200  4.98 s/utt
[01:28:46] [lane0 drax]   drax__fleurs-it__s00__main: 200/200  4.98 s/utt
[01:28:47] [lane0 drax] done drax__fleurs-it__s00__main [done] 200 utts in 16.6 min (4.98 s/utt, RTF 0.338)
[01:28:47] [lane0 drax] yielding: another model has lower-tier work waiting
[01:28:47] [lane0 drax] exiting after 12 jobs
[01:28:50] [lane0 whisfusion] host d165e1ad7587  cuda=True  device=Tesla T4
[01:29:19] [lane0 whisfusion] model loaded in 29 s
[01:29:19] [lane0 whisfusion] job whisfusion__ls-test-clean__s00__main: 200 utts, 0 already done, arms ['main']
[01:31:23] [lane0 whisfusion]   whisfusion__ls-test-clean__s00__main: 50/200  2.48 s/utt
[01:33:27] [lane0 whisfusion]   whisfusion__ls-test-clean__s00__main: 100/200  2.48 s/utt
[01:35:30] [lane0 whisfusion]   whisfusion__ls-test-clean__s00__main: 150/200  2.47 s/utt
[01:37:34] [lane0 whisfusion]   whisfusion__ls-test-clean__s00__main: 200/200  2.47 s/utt
[01:37:34] [lane0 whisfusion] done whisfusion__ls-test-clean__s00__main [done] 200 utts in 8.3 min (2.48 s/utt, RTF 0.348)
[01:37:34] [lane0 whisfusion] job whisfusion__earnings22__s00__main: 200 utts, 0 already done, arms ['main']
[01:39:38] [lane0 whisfusion]   whisfusion__earnings22__s00__main: 50/200  2.47 s/utt
[01:41:42] [lane0 whisfusion]   whisfusion__earnings22__s00__main: 100/200  2.47 s/utt
[01:43:45] [lane0 whisfusion]   whisfusion__earnings22__s00__main: 150/200  2.47 s/utt
[01:45:49] [lane0 whisfusion]   whisfusion__earnings22__s00__main: 200/200  2.47 s/utt
[01:45:50] [lane0 whisfusion] done whisfusion__earnings22__s00__main [done] 200 utts in 8.3 min (2.48 s/utt, RTF 0.395)
[01:45:50] [lane0 whisfusion] job whisfusion__gigaspeech__s00__main: 200 utts, 0 already done, arms ['main']
[01:47:54] [lane0 whisfusion]   whisfusion__gigaspeech__s00__main: 50/200  2.49 s/utt
[01:49:57] [lane0 whisfusion]   whisfusion__gigaspeech__s00__main: 100/200  2.48 s/utt
[01:52:01] [lane0 whisfusion]   whisfusion__gigaspeech__s00__main: 150/200  2.47 s/utt
[01:54:04] [lane0 whisfusion]   whisfusion__gigaspeech__s00__main: 200/200  2.47 s/utt
[01:54:05] [lane0 whisfusion] done whisfusion__gigaspeech__s00__main [done] 200 utts in 8.2 min (2.47 s/utt, RTF 0.409)
[01:54:05] [lane0 whisfusion] job whisfusion__common_voice__s00__main: 200 utts, 0 already done, arms ['main']
[01:56:08] [lane0 whisfusion]   whisfusion__common_voice__s00__main: 50/200  2.47 s/utt
[01:58:12] [lane0 whisfusion]   whisfusion__common_voice__s00__main: 100/200  2.47 s/utt
[02:00:16] [lane0 whisfusion]   whisfusion__common_voice__s00__main: 150/200  2.47 s/utt
[02:02:19] [lane0 whisfusion]   whisfusion__common_voice__s00__main: 200/200  2.47 s/utt
[02:02:20] [lane0 whisfusion] done whisfusion__common_voice__s00__main [done] 200 utts in 8.2 min (2.47 s/utt, RTF 0.453)
[02:02:20] [lane0 whisfusion] job whisfusion__slr83__s00__main: 200 utts, 0 already done, arms ['main']
[02:04:24] [lane0 whisfusion]   whisfusion__slr83__s00__main: 50/200  2.48 s/utt
[02:06:27] [lane0 whisfusion]   whisfusion__slr83__s00__main: 100/200  2.48 s/utt
[02:08:31] [lane0 whisfusion]   whisfusion__slr83__s00__main: 150/200  2.48 s/utt
[02:10:35] [lane0 whisfusion]   whisfusion__slr83__s00__main: 200/200  2.48 s/utt
[02:10:35] [lane0 whisfusion] done whisfusion__slr83__s00__main [done] 200 utts in 8.3 min (2.48 s/utt, RTF 0.359)
[02:10:35] [lane0 whisfusion] job whisfusion__ls-tc-babble5__s00__main: 200 utts, 0 already done, arms ['main']
[02:12:39] [lane0 whisfusion]   whisfusion__ls-tc-babble5__s00__main: 50/200  2.48 s/utt
[02:14:43] [lane0 whisfusion]   whisfusion__ls-tc-babble5__s00__main: 100/200  2.48 s/utt
[02:16:47] [lane0 whisfusion]   whisfusion__ls-tc-babble5__s00__main: 150/200  2.48 s/utt
[02:18:50] [lane0 whisfusion]   whisfusion__ls-tc-babble5__s00__main: 200/200  2.47 s/utt
[02:18:51] [lane0 whisfusion] done whisfusion__ls-tc-babble5__s00__main [done] 200 utts in 8.3 min (2.48 s/utt, RTF 0.348)
[02:18:51] [lane0 whisfusion] job whisfusion__ls-tc-white5__s00__main: 200 utts, 0 already done, arms ['main']
[02:20:54] [lane0 whisfusion]   whisfusion__ls-tc-white5__s00__main: 50/200  2.47 s/utt
[02:22:58] [lane0 whisfusion]   whisfusion__ls-tc-white5__s00__main: 100/200  2.47 s/utt
[02:25:02] [lane0 whisfusion]   whisfusion__ls-tc-white5__s00__main: 150/200  2.48 s/utt
[02:27:06] [lane0 whisfusion]   whisfusion__ls-tc-white5__s00__main: 200/200  2.48 s/utt
[02:27:06] [lane0 whisfusion] done whisfusion__ls-tc-white5__s00__main [done] 200 utts in 8.3 min (2.48 s/utt, RTF 0.349)
[02:27:06] [lane0 whisfusion] job whisfusion__ls-test-clean__s01__main: 200 utts, 0 already done, arms ['main']
[02:29:10] [lane0 whisfusion]   whisfusion__ls-test-clean__s01__main: 50/200  2.48 s/utt
[02:31:14] [lane0 whisfusion]   whisfusion__ls-test-clean__s01__main: 100/200  2.48 s/utt
[02:33:18] [lane0 whisfusion]   whisfusion__ls-test-clean__s01__main: 150/200  2.48 s/utt
[02:35:22] [lane0 whisfusion]   whisfusion__ls-test-clean__s01__main: 200/200  2.48 s/utt
[02:35:23] [lane0 whisfusion] done whisfusion__ls-test-clean__s01__main [done] 200 utts in 8.3 min (2.48 s/utt, RTF 0.325)
[02:35:23] [lane0 whisfusion] job whisfusion__ls-test-other__s01__main: 200 utts, 0 already done, arms ['main']
[02:37:27] [lane0 whisfusion]   whisfusion__ls-test-other__s01__main: 50/200  2.48 s/utt
[02:39:31] [lane0 whisfusion]   whisfusion__ls-test-other__s01__main: 100/200  2.48 s/utt
[02:41:35] [lane0 whisfusion]   whisfusion__ls-test-other__s01__main: 150/200  2.48 s/utt
[02:43:38] [lane0 whisfusion]   whisfusion__ls-test-other__s01__main: 200/200  2.48 s/utt
[02:43:39] [lane0 whisfusion] done whisfusion__ls-test-other__s01__main [done] 200 utts in 8.3 min (2.48 s/utt, RTF 0.384)
[02:43:39] [lane0 whisfusion] job whisfusion__earnings22__s01__main: 200 utts, 0 already done, arms ['main']
[02:45:42] [lane0 whisfusion]   whisfusion__earnings22__s01__main: 50/200  2.47 s/utt
[02:47:46] [lane0 whisfusion]   whisfusion__earnings22__s01__main: 100/200  2.47 s/utt
[02:49:50] [lane0 whisfusion]   whisfusion__earnings22__s01__main: 150/200  2.47 s/utt
[02:51:54] [lane0 whisfusion]   whisfusion__earnings22__s01__main: 200/200  2.47 s/utt
[02:51:54] [lane0 whisfusion] done whisfusion__earnings22__s01__main [done] 200 utts in 8.3 min (2.48 s/utt, RTF 0.398)
[02:51:54] [lane0 whisfusion] job whisfusion__gigaspeech__s01__main: 200 utts, 0 already done, arms ['main']
[02:53:57] [lane0 whisfusion]   whisfusion__gigaspeech__s01__main: 50/200  2.47 s/utt
[02:56:00] [lane0 whisfusion]   whisfusion__gigaspeech__s01__main: 100/200  2.46 s/utt
[02:58:05] [lane0 whisfusion]   whisfusion__gigaspeech__s01__main: 150/200  2.47 s/utt
[03:00:09] [lane0 whisfusion]   whisfusion__gigaspeech__s01__main: 200/200  2.47 s/utt
[03:00:09] [lane0 whisfusion] done whisfusion__gigaspeech__s01__main [done] 200 utts in 8.3 min (2.48 s/utt, RTF 0.414)
[03:00:09] [lane0 whisfusion] job whisfusion__common_voice__s01__main: 200 utts, 0 already done, arms ['main']
[03:02:13] [lane0 whisfusion]   whisfusion__common_voice__s01__main: 50/200  2.48 s/utt
[03:04:17] [lane0 whisfusion]   whisfusion__common_voice__s01__main: 100/200  2.47 s/utt
[03:06:21] [lane0 whisfusion]   whisfusion__common_voice__s01__main: 150/200  2.48 s/utt
[03:08:24] [lane0 whisfusion]   whisfusion__common_voice__s01__main: 200/200  2.47 s/utt
[03:08:24] [lane0 whisfusion] done whisfusion__common_voice__s01__main [done] 200 utts in 8.3 min (2.48 s/utt, RTF 0.467)
[03:08:24] [lane0 whisfusion] job whisfusion__slr83__s01__main: 200 utts, 0 already done, arms ['main']
[03:10:28] [lane0 whisfusion]   whisfusion__slr83__s01__main: 50/200  2.47 s/utt
[03:12:31] [lane0 whisfusion]   whisfusion__slr83__s01__main: 100/200  2.47 s/utt
[03:14:35] [lane0 whisfusion]   whisfusion__slr83__s01__main: 150/200  2.47 s/utt
[03:16:38] [lane0 whisfusion]   whisfusion__slr83__s01__main: 200/200  2.47 s/utt
[03:16:39] [lane0 whisfusion] done whisfusion__slr83__s01__main [done] 200 utts in 8.2 min (2.47 s/utt, RTF 0.372)
[03:16:39] [lane0 whisfusion] job whisfusion__ls-tc-babble0__s01__main: 200 utts, 0 already done, arms ['main']
[03:18:43] [lane0 whisfusion]   whisfusion__ls-tc-babble0__s01__main: 50/200  2.48 s/utt
[03:20:46] [lane0 whisfusion]   whisfusion__ls-tc-babble0__s01__main: 100/200  2.48 s/utt
[03:22:49] [lane0 whisfusion]   whisfusion__ls-tc-babble0__s01__main: 150/200  2.47 s/utt
[03:24:52] [lane0 whisfusion]   whisfusion__ls-tc-babble0__s01__main: 200/200  2.47 s/utt
[03:24:53] [lane0 whisfusion] done whisfusion__ls-tc-babble0__s01__main [done] 200 utts in 8.2 min (2.47 s/utt, RTF 0.323)
[03:24:53] [lane0 whisfusion] yielding: another model has lower-tier work waiting
[03:24:53] [lane0 whisfusion] exiting after 14 jobs
[03:24:56] [lane0 drax] host d165e1ad7587  cuda=True  device=Tesla T4
[03:25:16] [lane0 drax] model loaded in 20 s
[03:25:16] [lane0 drax] job drax__ls-dev-other__s00__sweepT: 200 utts, 0 already done, arms ['T0.1', 'T0.4', 'T0.7', 'T1', 'T1.3', 'T1.6', 'T2']
[03:47:14] [lane0 drax]   drax__ls-dev-other__s00__sweepT: 50/200  26.36 s/utt
[04:09:18] [lane0 drax]   drax__ls-dev-other__s00__sweepT: 100/200  26.42 s/utt
[04:31:21] [lane0 drax]   drax__ls-dev-other__s00__sweepT: 150/200  26.43 s/utt
[04:53:28] [lane0 drax]   drax__ls-dev-other__s00__sweepT: 200/200  26.46 s/utt
[04:53:29] [lane0 drax] done drax__ls-dev-other__s00__sweepT [done] 200 utts in 88.2 min (26.46 s/utt, RTF 4.073)
[04:53:29] [lane0 drax] job drax__spgispeech__s01__main: 200 utts, 0 already done, arms ['main', 'ref']
[04:57:38] [lane0 drax]   drax__spgispeech__s01__main: 50/200  4.97 s/utt
[05:01:47] [lane0 drax]   drax__spgispeech__s01__main: 100/200  4.97 s/utt
[05:05:54] [lane0 drax]   drax__spgispeech__s01__main: 150/200  4.96 s/utt
[05:10:02] [lane0 drax]   drax__spgispeech__s01__main: 200/200  4.96 s/utt
[05:10:02] [lane0 drax] done drax__spgispeech__s01__main [done] 200 utts in 16.5 min (4.96 s/utt, RTF 0.544)
[05:10:02] [lane0 drax] job drax__fleurs-en__s01__main: 200 utts, 0 already done, arms ['main', 'ref']
[05:14:12] [lane0 drax]   drax__fleurs-en__s01__main: 50/200  4.99 s/utt
[05:18:20] [lane0 drax]   drax__fleurs-en__s01__main: 100/200  4.98 s/utt
[05:22:28] [lane0 drax]   drax__fleurs-en__s01__main: 150/200  4.97 s/utt
[05:26:36] [lane0 drax]   drax__fleurs-en__s01__main: 200/200  4.97 s/utt
[05:26:36] [lane0 drax] done drax__fleurs-en__s01__main [done] 200 utts in 16.6 min (4.97 s/utt, RTF 0.499)
[05:26:36] [lane0 drax] job drax__ls-tc-babble10__s01__main: 200 utts, 0 already done, arms ['main', 'ref']
[05:30:44] [lane0 drax]   drax__ls-tc-babble10__s01__main: 50/200  4.96 s/utt
[05:34:52] [lane0 drax]   drax__ls-tc-babble10__s01__main: 100/200  4.96 s/utt
[05:39:00] [lane0 drax]   drax__ls-tc-babble10__s01__main: 150/200  4.96 s/utt
[05:43:08] [lane0 drax]   drax__ls-tc-babble10__s01__main: 200/200  4.96 s/utt
[05:43:08] [lane0 drax] done drax__ls-tc-babble10__s01__main [done] 200 utts in 16.5 min (4.96 s/utt, RTF 0.649)
[05:43:08] [lane0 drax] job drax__ls-tc-babble0__s01__main: 200 utts, 0 already done, arms ['main', 'ref']
[05:47:16] [lane0 drax]   drax__ls-tc-babble0__s01__main: 50/200  4.96 s/utt
[05:51:25] [lane0 drax]   drax__ls-tc-babble0__s01__main: 100/200  4.97 s/utt
[05:55:34] [lane0 drax]   drax__ls-tc-babble0__s01__main: 150/200  4.97 s/utt
[05:59:43] [lane0 drax]   drax__ls-tc-babble0__s01__main: 200/200  4.97 s/utt
[05:59:43] [lane0 drax] done drax__ls-tc-babble0__s01__main [done] 200 utts in 16.6 min (4.97 s/utt, RTF 0.650)
[05:59:43] [lane0 drax] job drax__fleurs-de__s01__main: 200 utts, 0 already done, arms ['main', 'ref']
[06:03:51] [lane0 drax]   drax__fleurs-de__s01__main: 50/200  4.97 s/utt
[06:08:00] [lane0 drax]   drax__fleurs-de__s01__main: 100/200  4.97 s/utt
[06:12:09] [lane0 drax]   drax__fleurs-de__s01__main: 150/200  4.97 s/utt
[06:16:17] [lane0 drax]   drax__fleurs-de__s01__main: 200/200  4.97 s/utt
[06:16:17] [lane0 drax] done drax__fleurs-de__s01__main [done] 200 utts in 16.6 min (4.97 s/utt, RTF 0.398)
[06:16:17] [lane0 drax] job drax__fleurs-es__s01__main: 200 utts, 0 already done, arms ['main', 'ref']
[06:20:26] [lane0 drax]   drax__fleurs-es__s01__main: 50/200  4.97 s/utt
[06:24:34] [lane0 drax]   drax__fleurs-es__s01__main: 100/200  4.97 s/utt
[06:28:43] [lane0 drax]   drax__fleurs-es__s01__main: 150/200  4.97 s/utt
[06:32:51] [lane0 drax]   drax__fleurs-es__s01__main: 200/200  4.97 s/utt
[06:32:51] [lane0 drax] done drax__fleurs-es__s01__main [done] 200 utts in 16.6 min (4.97 s/utt, RTF 0.398)
[06:32:51] [lane0 drax] job drax__fleurs-pt__s01__main: 200 utts, 0 already done, arms ['main', 'ref']
[06:37:01] [lane0 drax]   drax__fleurs-pt__s01__main: 50/200  5.00 s/utt
[06:41:08] [lane0 drax]   drax__fleurs-pt__s01__main: 100/200  4.98 s/utt
[06:45:18] [lane0 drax]   drax__fleurs-pt__s01__main: 150/200  4.98 s/utt
[06:49:26] [lane0 drax]   drax__fleurs-pt__s01__main: 200/200  4.98 s/utt
[06:49:27] [lane0 drax] done drax__fleurs-pt__s01__main [done] 200 utts in 16.6 min (4.98 s/utt, RTF 0.394)
[06:49:27] [lane0 drax] job drax__ls-test-clean__s02__main: 200 utts, 0 already done, arms ['main', 'ref']
[06:53:35] [lane0 drax]   drax__ls-test-clean__s02__main: 50/200  4.96 s/utt
[06:57:43] [lane0 drax]   drax__ls-test-clean__s02__main: 100/200  4.96 s/utt
[07:01:49] [lane0 drax]   drax__ls-test-clean__s02__main: 150/200  4.95 s/utt
[07:05:58] [lane0 drax]   drax__ls-test-clean__s02__main: 200/200  4.95 s/utt
[07:05:58] [lane0 drax] done drax__ls-test-clean__s02__main [done] 200 utts in 16.5 min (4.96 s/utt, RTF 0.691)
[07:05:58] [lane0 drax] job drax__ls-test-other__s02__main: 200 utts, 0 already done, arms ['main', 'ref']
[07:10:05] [lane0 drax]   drax__ls-test-other__s02__main: 50/200  4.94 s/utt
[07:14:13] [lane0 drax]   drax__ls-test-other__s02__main: 100/200  4.95 s/utt
[07:18:20] [lane0 drax]   drax__ls-test-other__s02__main: 150/200  4.95 s/utt
[07:22:29] [lane0 drax]   drax__ls-test-other__s02__main: 200/200  4.95 s/utt
[07:22:29] [lane0 drax] done drax__ls-test-other__s02__main [done] 200 utts in 16.5 min (4.95 s/utt, RTF 0.752)
[07:22:29] [lane0 drax] job drax__ami__s02__main: 200 utts, 0 already done, arms ['main', 'ref']
[07:26:35] [lane0 drax]   drax__ami__s02__main: 50/200  4.93 s/utt
[07:30:43] [lane0 drax]   drax__ami__s02__main: 100/200  4.94 s/utt
[07:34:50] [lane0 drax]   drax__ami__s02__main: 150/200  4.94 s/utt
[07:38:56] [lane0 drax]   drax__ami__s02__main: 200/200  4.94 s/utt
[07:38:56] [lane0 drax] done drax__ami__s02__main [done] 200 utts in 16.5 min (4.94 s/utt, RTF 1.674)
[07:38:56] [lane0 drax] job drax__gigaspeech__s02__main: 200 utts, 0 already done, arms ['main', 'ref']
[07:43:03] [lane0 drax]   drax__gigaspeech__s02__main: 50/200  4.94 s/utt
[07:47:11] [lane0 drax]   drax__gigaspeech__s02__main: 100/200  4.95 s/utt
[07:51:19] [lane0 drax]   drax__gigaspeech__s02__main: 150/200  4.95 s/utt
[07:55:27] [lane0 drax]   drax__gigaspeech__s02__main: 200/200  4.95 s/utt
[07:55:27] [lane0 drax] done drax__gigaspeech__s02__main [done] 200 utts in 16.5 min (4.95 s/utt, RTF 0.792)
[07:55:27] [lane0 drax] job drax__common_voice__s02__main: 200 utts, 0 already done, arms ['main', 'ref']
[07:59:35] [lane0 drax]   drax__common_voice__s02__main: 50/200  4.96 s/utt
[08:03:43] [lane0 drax]   drax__common_voice__s02__main: 100/200  4.96 s/utt
[08:07:51] [lane0 drax]   drax__common_voice__s02__main: 150/200  4.96 s/utt
[08:11:59] [lane0 drax]   drax__common_voice__s02__main: 200/200  4.96 s/utt
[08:11:59] [lane0 drax] done drax__common_voice__s02__main [done] 200 utts in 16.5 min (4.96 s/utt, RTF 0.868)
[08:11:59] [lane0 drax] job drax__slr83__s02__main: 200 utts, 0 already done, arms ['main', 'ref']
[08:16:06] [lane0 drax]   drax__slr83__s02__main: 50/200  4.95 s/utt
[08:20:14] [lane0 drax]   drax__slr83__s02__main: 100/200  4.95 s/utt
[08:24:21] [lane0 drax]   drax__slr83__s02__main: 150/200  4.95 s/utt
[08:28:29] [lane0 drax]   drax__slr83__s02__main: 200/200  4.95 s/utt
[08:28:29] [lane0 drax] done drax__slr83__s02__main [done] 200 utts in 16.5 min (4.95 s/utt, RTF 0.729)
[08:28:29] [lane0 drax] job drax__ls-tc-babble5__s02__main: 200 utts, 0 already done, arms ['main', 'ref']
[08:32:37] [lane0 drax]   drax__ls-tc-babble5__s02__main: 50/200  4.96 s/utt
[08:36:45] [lane0 drax]   drax__ls-tc-babble5__s02__main: 100/200  4.96 s/utt
[08:40:52] [lane0 drax]   drax__ls-tc-babble5__s02__main: 150/200  4.95 s/utt
[08:45:01] [lane0 drax]   drax__ls-tc-babble5__s02__main: 200/200  4.96 s/utt
[08:45:01] [lane0 drax] done drax__ls-tc-babble5__s02__main [done] 200 utts in 16.5 min (4.96 s/utt, RTF 0.691)
[08:45:01] [lane0 drax] job drax__ls-tc-white5__s02__main: 200 utts, 0 already done, arms ['main', 'ref']
[08:49:08] [lane0 drax]   drax__ls-tc-white5__s02__main: 50/200  4.94 s/utt
[08:53:16] [lane0 drax]   drax__ls-tc-white5__s02__main: 100/200  4.95 s/utt
[08:57:25] [lane0 drax]   drax__ls-tc-white5__s02__main: 150/200  4.96 s/utt
[09:01:32] [lane0 drax]   drax__ls-tc-white5__s02__main: 200/200  4.95 s/utt
[09:01:32] [lane0 drax] done drax__ls-tc-white5__s02__main [done] 200 utts in 16.5 min (4.96 s/utt, RTF 0.691)
[09:01:32] [lane0 drax] job drax__fleurs-fr__s02__main: 200 utts, 0 already done, arms ['main', 'ref']
[09:05:41] [lane0 drax]   drax__fleurs-fr__s02__main: 50/200  4.97 s/utt
[09:07:10] [lane0 drax] deadline reached inside drax__fleurs-fr__s02__main after 68 utts
[09:07:11] [lane0 drax] done drax__fleurs-fr__s02__main [partial] 68 utts in 5.6 min (4.98 s/utt, RTF 0.509)
[09:07:11] [lane0 drax] exiting after 17 jobs
