[22:09:08] [lane1 whisfusion] host d165e1ad7587  cuda=True  device=Tesla T4
[wf_compat] shims active: rotary_emb, dropout_layer_norm, flash_attn, xformers.ops.SwiGLU, FusedRMSNorm
Warning: You are sending unauthenticated requests to the HF Hub. Please set a HF_TOKEN to enable higher rate limits and faster downloads.
[wf] device=cuda (Tesla T4) dtype=torch.float16
[wf] base: 129 keys, 72 missing
[wf] adapter: 201 keys, 0 missing, 0 unexpected
[wf] decoder 261.5M · Whisper encoder 88.2M
[22:09:53] [lane1 whisfusion] model loaded in 45 s
[22:09:53] [lane1 whisfusion] job whisfusion__ls-dev-clean__s00__main: 200 utts, 0 already done, arms ['main']
[22:11:43] [lane1 whisfusion]   whisfusion__ls-dev-clean__s00__main: 50/200  2.20 s/utt
[22:13:40] [lane1 whisfusion]   whisfusion__ls-dev-clean__s00__main: 100/200  2.26 s/utt
[22:15:35] [lane1 whisfusion]   whisfusion__ls-dev-clean__s00__main: 150/200  2.28 s/utt
[22:17:30] [lane1 whisfusion]   whisfusion__ls-dev-clean__s00__main: 200/200  2.29 s/utt
[22:17:31] [lane1 whisfusion] done whisfusion__ls-dev-clean__s00__main [done] 200 utts in 7.6 min (2.29 s/utt, RTF 0.347)
[22:17:31] [lane1 whisfusion] job whisfusion__ls-dev-other__s00__main: 200 utts, 0 already done, arms ['main']
[22:19:25] [lane1 whisfusion]   whisfusion__ls-dev-other__s00__main: 50/200  2.29 s/utt
[22:21:20] [lane1 whisfusion]   whisfusion__ls-dev-other__s00__main: 100/200  2.29 s/utt
[22:23:14] [lane1 whisfusion]   whisfusion__ls-dev-other__s00__main: 150/200  2.29 s/utt
[22:25:08] [lane1 whisfusion]   whisfusion__ls-dev-other__s00__main: 200/200  2.29 s/utt
[22:25:08] [lane1 whisfusion] done whisfusion__ls-dev-other__s00__main [done] 200 utts in 7.6 min (2.29 s/utt, RTF 0.352)
[22:25:08] [lane1 whisfusion] job whisfusion__ls-dev-clean__s01__main: 200 utts, 0 already done, arms ['main']
[22:27:03] [lane1 whisfusion]   whisfusion__ls-dev-clean__s01__main: 50/200  2.29 s/utt
[22:28:57] [lane1 whisfusion]   whisfusion__ls-dev-clean__s01__main: 100/200  2.29 s/utt
[22:30:51] [lane1 whisfusion]   whisfusion__ls-dev-clean__s01__main: 150/200  2.29 s/utt
[22:32:45] [lane1 whisfusion]   whisfusion__ls-dev-clean__s01__main: 200/200  2.28 s/utt
[22:32:45] [lane1 whisfusion] done whisfusion__ls-dev-clean__s01__main [done] 200 utts in 7.6 min (2.29 s/utt, RTF 0.329)
[22:32:45] [lane1 whisfusion] job whisfusion__ls-dev-other__s01__main: 200 utts, 0 already done, arms ['main']
[22:34:40] [lane1 whisfusion]   whisfusion__ls-dev-other__s01__main: 50/200  2.29 s/utt
[22:36:34] [lane1 whisfusion]   whisfusion__ls-dev-other__s01__main: 100/200  2.28 s/utt
[22:38:29] [lane1 whisfusion]   whisfusion__ls-dev-other__s01__main: 150/200  2.29 s/utt
[22:40:23] [lane1 whisfusion]   whisfusion__ls-dev-other__s01__main: 200/200  2.29 s/utt
[22:40:23] [lane1 whisfusion] done whisfusion__ls-dev-other__s01__main [done] 200 utts in 7.6 min (2.29 s/utt, RTF 0.357)
[22:40:23] [lane1 whisfusion] yielding: another model has lower-tier work waiting
[22:40:23] [lane1 whisfusion] exiting after 4 jobs
