[01:28:50] [lane0 whisfusion] host d165e1ad7587  cuda=True  device=Tesla T4
[wf_compat] shims active: rotary_emb, dropout_layer_norm, flash_attn, xformers.ops.SwiGLU, FusedRMSNorm
[wf] device=cuda (Tesla T4) dtype=torch.float16
[wf] base: 129 keys, 72 missing
[wf] adapter: 201 keys, 0 missing, 0 unexpected
Warning: You are sending unauthenticated requests to the HF Hub. Please set a HF_TOKEN to enable higher rate limits and faster downloads.
[wf] decoder 261.5M · Whisper encoder 88.2M
[01:29:19] [lane0 whisfusion] model loaded in 29 s
[01:29:19] [lane0 whisfusion] job whisfusion__ls-test-clean__s00__main: 200 utts, 0 already done, arms ['main']
[01:31:23] [lane0 whisfusion]   whisfusion__ls-test-clean__s00__main: 50/200  2.48 s/utt
[01:33:27] [lane0 whisfusion]   whisfusion__ls-test-clean__s00__main: 100/200  2.48 s/utt
[01:35:30] [lane0 whisfusion]   whisfusion__ls-test-clean__s00__main: 150/200  2.47 s/utt
[01:37:34] [lane0 whisfusion]   whisfusion__ls-test-clean__s00__main: 200/200  2.47 s/utt
[01:37:34] [lane0 whisfusion] done whisfusion__ls-test-clean__s00__main [done] 200 utts in 8.3 min (2.48 s/utt, RTF 0.348)
[01:37:34] [lane0 whisfusion] job whisfusion__earnings22__s00__main: 200 utts, 0 already done, arms ['main']
[01:39:38] [lane0 whisfusion]   whisfusion__earnings22__s00__main: 50/200  2.47 s/utt
[01:41:42] [lane0 whisfusion]   whisfusion__earnings22__s00__main: 100/200  2.47 s/utt
[01:43:45] [lane0 whisfusion]   whisfusion__earnings22__s00__main: 150/200  2.47 s/utt
[01:45:49] [lane0 whisfusion]   whisfusion__earnings22__s00__main: 200/200  2.47 s/utt
[01:45:50] [lane0 whisfusion] done whisfusion__earnings22__s00__main [done] 200 utts in 8.3 min (2.48 s/utt, RTF 0.395)
[01:45:50] [lane0 whisfusion] job whisfusion__gigaspeech__s00__main: 200 utts, 0 already done, arms ['main']
[01:47:54] [lane0 whisfusion]   whisfusion__gigaspeech__s00__main: 50/200  2.49 s/utt
[01:49:57] [lane0 whisfusion]   whisfusion__gigaspeech__s00__main: 100/200  2.48 s/utt
[01:52:01] [lane0 whisfusion]   whisfusion__gigaspeech__s00__main: 150/200  2.47 s/utt
[01:54:04] [lane0 whisfusion]   whisfusion__gigaspeech__s00__main: 200/200  2.47 s/utt
[01:54:05] [lane0 whisfusion] done whisfusion__gigaspeech__s00__main [done] 200 utts in 8.2 min (2.47 s/utt, RTF 0.409)
[01:54:05] [lane0 whisfusion] job whisfusion__common_voice__s00__main: 200 utts, 0 already done, arms ['main']
[01:56:08] [lane0 whisfusion]   whisfusion__common_voice__s00__main: 50/200  2.47 s/utt
[01:58:12] [lane0 whisfusion]   whisfusion__common_voice__s00__main: 100/200  2.47 s/utt
[02:00:16] [lane0 whisfusion]   whisfusion__common_voice__s00__main: 150/200  2.47 s/utt
[02:02:19] [lane0 whisfusion]   whisfusion__common_voice__s00__main: 200/200  2.47 s/utt
[02:02:20] [lane0 whisfusion] done whisfusion__common_voice__s00__main [done] 200 utts in 8.2 min (2.47 s/utt, RTF 0.453)
[02:02:20] [lane0 whisfusion] job whisfusion__slr83__s00__main: 200 utts, 0 already done, arms ['main']
[02:04:24] [lane0 whisfusion]   whisfusion__slr83__s00__main: 50/200  2.48 s/utt
[02:06:27] [lane0 whisfusion]   whisfusion__slr83__s00__main: 100/200  2.48 s/utt
[02:08:31] [lane0 whisfusion]   whisfusion__slr83__s00__main: 150/200  2.48 s/utt
[02:10:35] [lane0 whisfusion]   whisfusion__slr83__s00__main: 200/200  2.48 s/utt
[02:10:35] [lane0 whisfusion] done whisfusion__slr83__s00__main [done] 200 utts in 8.3 min (2.48 s/utt, RTF 0.359)
[02:10:35] [lane0 whisfusion] job whisfusion__ls-tc-babble5__s00__main: 200 utts, 0 already done, arms ['main']
[02:12:39] [lane0 whisfusion]   whisfusion__ls-tc-babble5__s00__main: 50/200  2.48 s/utt
[02:14:43] [lane0 whisfusion]   whisfusion__ls-tc-babble5__s00__main: 100/200  2.48 s/utt
[02:16:47] [lane0 whisfusion]   whisfusion__ls-tc-babble5__s00__main: 150/200  2.48 s/utt
[02:18:50] [lane0 whisfusion]   whisfusion__ls-tc-babble5__s00__main: 200/200  2.47 s/utt
[02:18:51] [lane0 whisfusion] done whisfusion__ls-tc-babble5__s00__main [done] 200 utts in 8.3 min (2.48 s/utt, RTF 0.348)
[02:18:51] [lane0 whisfusion] job whisfusion__ls-tc-white5__s00__main: 200 utts, 0 already done, arms ['main']
[02:20:54] [lane0 whisfusion]   whisfusion__ls-tc-white5__s00__main: 50/200  2.47 s/utt
[02:22:58] [lane0 whisfusion]   whisfusion__ls-tc-white5__s00__main: 100/200  2.47 s/utt
[02:25:02] [lane0 whisfusion]   whisfusion__ls-tc-white5__s00__main: 150/200  2.48 s/utt
[02:27:06] [lane0 whisfusion]   whisfusion__ls-tc-white5__s00__main: 200/200  2.48 s/utt
[02:27:06] [lane0 whisfusion] done whisfusion__ls-tc-white5__s00__main [done] 200 utts in 8.3 min (2.48 s/utt, RTF 0.349)
[02:27:06] [lane0 whisfusion] job whisfusion__ls-test-clean__s01__main: 200 utts, 0 already done, arms ['main']
[02:29:10] [lane0 whisfusion]   whisfusion__ls-test-clean__s01__main: 50/200  2.48 s/utt
[02:31:14] [lane0 whisfusion]   whisfusion__ls-test-clean__s01__main: 100/200  2.48 s/utt
[02:33:18] [lane0 whisfusion]   whisfusion__ls-test-clean__s01__main: 150/200  2.48 s/utt
[02:35:22] [lane0 whisfusion]   whisfusion__ls-test-clean__s01__main: 200/200  2.48 s/utt
[02:35:23] [lane0 whisfusion] done whisfusion__ls-test-clean__s01__main [done] 200 utts in 8.3 min (2.48 s/utt, RTF 0.325)
[02:35:23] [lane0 whisfusion] job whisfusion__ls-test-other__s01__main: 200 utts, 0 already done, arms ['main']
[02:37:27] [lane0 whisfusion]   whisfusion__ls-test-other__s01__main: 50/200  2.48 s/utt
[02:39:31] [lane0 whisfusion]   whisfusion__ls-test-other__s01__main: 100/200  2.48 s/utt
[02:41:35] [lane0 whisfusion]   whisfusion__ls-test-other__s01__main: 150/200  2.48 s/utt
[02:43:38] [lane0 whisfusion]   whisfusion__ls-test-other__s01__main: 200/200  2.48 s/utt
[02:43:39] [lane0 whisfusion] done whisfusion__ls-test-other__s01__main [done] 200 utts in 8.3 min (2.48 s/utt, RTF 0.384)
[02:43:39] [lane0 whisfusion] job whisfusion__earnings22__s01__main: 200 utts, 0 already done, arms ['main']
[02:45:42] [lane0 whisfusion]   whisfusion__earnings22__s01__main: 50/200  2.47 s/utt
[02:47:46] [lane0 whisfusion]   whisfusion__earnings22__s01__main: 100/200  2.47 s/utt
[02:49:50] [lane0 whisfusion]   whisfusion__earnings22__s01__main: 150/200  2.47 s/utt
[02:51:54] [lane0 whisfusion]   whisfusion__earnings22__s01__main: 200/200  2.47 s/utt
[02:51:54] [lane0 whisfusion] done whisfusion__earnings22__s01__main [done] 200 utts in 8.3 min (2.48 s/utt, RTF 0.398)
[02:51:54] [lane0 whisfusion] job whisfusion__gigaspeech__s01__main: 200 utts, 0 already done, arms ['main']
[02:53:57] [lane0 whisfusion]   whisfusion__gigaspeech__s01__main: 50/200  2.47 s/utt
[02:56:00] [lane0 whisfusion]   whisfusion__gigaspeech__s01__main: 100/200  2.46 s/utt
[02:58:05] [lane0 whisfusion]   whisfusion__gigaspeech__s01__main: 150/200  2.47 s/utt
[03:00:09] [lane0 whisfusion]   whisfusion__gigaspeech__s01__main: 200/200  2.47 s/utt
[03:00:09] [lane0 whisfusion] done whisfusion__gigaspeech__s01__main [done] 200 utts in 8.3 min (2.48 s/utt, RTF 0.414)
[03:00:09] [lane0 whisfusion] job whisfusion__common_voice__s01__main: 200 utts, 0 already done, arms ['main']
[03:02:13] [lane0 whisfusion]   whisfusion__common_voice__s01__main: 50/200  2.48 s/utt
[03:04:17] [lane0 whisfusion]   whisfusion__common_voice__s01__main: 100/200  2.47 s/utt
[03:06:21] [lane0 whisfusion]   whisfusion__common_voice__s01__main: 150/200  2.48 s/utt
[03:08:24] [lane0 whisfusion]   whisfusion__common_voice__s01__main: 200/200  2.47 s/utt
[03:08:24] [lane0 whisfusion] done whisfusion__common_voice__s01__main [done] 200 utts in 8.3 min (2.48 s/utt, RTF 0.467)
[03:08:24] [lane0 whisfusion] job whisfusion__slr83__s01__main: 200 utts, 0 already done, arms ['main']
[03:10:28] [lane0 whisfusion]   whisfusion__slr83__s01__main: 50/200  2.47 s/utt
[03:12:31] [lane0 whisfusion]   whisfusion__slr83__s01__main: 100/200  2.47 s/utt
[03:14:35] [lane0 whisfusion]   whisfusion__slr83__s01__main: 150/200  2.47 s/utt
[03:16:38] [lane0 whisfusion]   whisfusion__slr83__s01__main: 200/200  2.47 s/utt
[03:16:39] [lane0 whisfusion] done whisfusion__slr83__s01__main [done] 200 utts in 8.2 min (2.47 s/utt, RTF 0.372)
[03:16:39] [lane0 whisfusion] job whisfusion__ls-tc-babble0__s01__main: 200 utts, 0 already done, arms ['main']
[03:18:43] [lane0 whisfusion]   whisfusion__ls-tc-babble0__s01__main: 50/200  2.48 s/utt
[03:20:46] [lane0 whisfusion]   whisfusion__ls-tc-babble0__s01__main: 100/200  2.48 s/utt
[03:22:49] [lane0 whisfusion]   whisfusion__ls-tc-babble0__s01__main: 150/200  2.47 s/utt
[03:24:52] [lane0 whisfusion]   whisfusion__ls-tc-babble0__s01__main: 200/200  2.47 s/utt
[03:24:53] [lane0 whisfusion] done whisfusion__ls-tc-babble0__s01__main [done] 200 utts in 8.2 min (2.47 s/utt, RTF 0.323)
[03:24:53] [lane0 whisfusion] yielding: another model has lower-tier work waiting
[03:24:53] [lane0 whisfusion] exiting after 14 jobs
