[01:29:13] [lane1 whisfusion] host d165e1ad7587  cuda=True  device=Tesla T4
[wf_compat] shims active: rotary_emb, dropout_layer_norm, flash_attn, xformers.ops.SwiGLU, FusedRMSNorm
Warning: You are sending unauthenticated requests to the HF Hub. Please set a HF_TOKEN to enable higher rate limits and faster downloads.
[wf] device=cuda (Tesla T4) dtype=torch.float16
[wf] base: 129 keys, 72 missing
[wf] adapter: 201 keys, 0 missing, 0 unexpected
[wf] decoder 261.5M · Whisper encoder 88.2M
[01:29:31] [lane1 whisfusion] model loaded in 19 s
[01:29:31] [lane1 whisfusion] job whisfusion__ls-test-other__s00__main: 200 utts, 0 already done, arms ['main']
[01:31:29] [lane1 whisfusion]   whisfusion__ls-test-other__s00__main: 50/200  2.34 s/utt
[01:33:24] [lane1 whisfusion]   whisfusion__ls-test-other__s00__main: 100/200  2.32 s/utt
[01:35:18] [lane1 whisfusion]   whisfusion__ls-test-other__s00__main: 150/200  2.31 s/utt
[01:37:12] [lane1 whisfusion]   whisfusion__ls-test-other__s00__main: 200/200  2.30 s/utt
[01:37:12] [lane1 whisfusion] done whisfusion__ls-test-other__s00__main [done] 200 utts in 7.7 min (2.30 s/utt, RTF 0.353)
[01:37:12] [lane1 whisfusion] job whisfusion__ami__s00__main: 200 utts, 0 already done, arms ['main']
[01:39:06] [lane1 whisfusion]   whisfusion__ami__s00__main: 50/200  2.28 s/utt
[01:41:00] [lane1 whisfusion]   whisfusion__ami__s00__main: 100/200  2.28 s/utt
[01:42:54] [lane1 whisfusion]   whisfusion__ami__s00__main: 150/200  2.28 s/utt
[01:44:48] [lane1 whisfusion]   whisfusion__ami__s00__main: 200/200  2.28 s/utt
[01:44:48] [lane1 whisfusion] done whisfusion__ami__s00__main [done] 200 utts in 7.6 min (2.28 s/utt, RTF 0.740)
[01:44:48] [lane1 whisfusion] job whisfusion__voxpopuli__s00__main: 200 utts, 0 already done, arms ['main']
[01:46:42] [lane1 whisfusion]   whisfusion__voxpopuli__s00__main: 50/200  2.29 s/utt
[01:48:37] [lane1 whisfusion]   whisfusion__voxpopuli__s00__main: 100/200  2.29 s/utt
[01:50:31] [lane1 whisfusion]   whisfusion__voxpopuli__s00__main: 150/200  2.28 s/utt
[01:52:25] [lane1 whisfusion]   whisfusion__voxpopuli__s00__main: 200/200  2.28 s/utt
[01:52:25] [lane1 whisfusion] done whisfusion__voxpopuli__s00__main [done] 200 utts in 7.6 min (2.28 s/utt, RTF 0.335)
[01:52:25] [lane1 whisfusion] job whisfusion__spgispeech__s00__main: 200 utts, 0 already done, arms ['main']
[01:54:19] [lane1 whisfusion]   whisfusion__spgispeech__s00__main: 50/200  2.29 s/utt
[01:56:14] [lane1 whisfusion]   whisfusion__spgispeech__s00__main: 100/200  2.29 s/utt
[01:58:08] [lane1 whisfusion]   whisfusion__spgispeech__s00__main: 150/200  2.29 s/utt
[02:00:03] [lane1 whisfusion]   whisfusion__spgispeech__s00__main: 200/200  2.29 s/utt
[02:00:03] [lane1 whisfusion] done whisfusion__spgispeech__s00__main [done] 200 utts in 7.6 min (2.29 s/utt, RTF 0.251)
[02:00:03] [lane1 whisfusion] job whisfusion__fleurs-en__s00__main: 200 utts, 0 already done, arms ['main']
[02:01:58] [lane1 whisfusion]   whisfusion__fleurs-en__s00__main: 50/200  2.29 s/utt
[02:03:52] [lane1 whisfusion]   whisfusion__fleurs-en__s00__main: 100/200  2.29 s/utt
[02:05:47] [lane1 whisfusion]   whisfusion__fleurs-en__s00__main: 150/200  2.29 s/utt
[02:07:41] [lane1 whisfusion]   whisfusion__fleurs-en__s00__main: 200/200  2.29 s/utt
[02:07:42] [lane1 whisfusion] done whisfusion__fleurs-en__s00__main [done] 200 utts in 7.6 min (2.29 s/utt, RTF 0.235)
[02:07:42] [lane1 whisfusion] job whisfusion__ls-tc-babble10__s00__main: 200 utts, 0 already done, arms ['main']
[02:09:36] [lane1 whisfusion]   whisfusion__ls-tc-babble10__s00__main: 50/200  2.28 s/utt
[02:11:30] [lane1 whisfusion]   whisfusion__ls-tc-babble10__s00__main: 100/200  2.29 s/utt
[02:13:25] [lane1 whisfusion]   whisfusion__ls-tc-babble10__s00__main: 150/200  2.29 s/utt
[02:15:19] [lane1 whisfusion]   whisfusion__ls-tc-babble10__s00__main: 200/200  2.29 s/utt
[02:15:19] [lane1 whisfusion] done whisfusion__ls-tc-babble10__s00__main [done] 200 utts in 7.6 min (2.29 s/utt, RTF 0.322)
[02:15:19] [lane1 whisfusion] job whisfusion__ls-tc-babble0__s00__main: 200 utts, 0 already done, arms ['main']
[02:17:13] [lane1 whisfusion]   whisfusion__ls-tc-babble0__s00__main: 50/200  2.28 s/utt
[02:19:07] [lane1 whisfusion]   whisfusion__ls-tc-babble0__s00__main: 100/200  2.28 s/utt
[02:21:01] [lane1 whisfusion]   whisfusion__ls-tc-babble0__s00__main: 150/200  2.28 s/utt
[02:22:56] [lane1 whisfusion]   whisfusion__ls-tc-babble0__s00__main: 200/200  2.28 s/utt
[02:22:56] [lane1 whisfusion] done whisfusion__ls-tc-babble0__s00__main [done] 200 utts in 7.6 min (2.28 s/utt, RTF 0.321)
[02:22:56] [lane1 whisfusion] job whisfusion__ls-dev-other__s00__ablation: 200 utts, 0 already done, arms ['base16', 'steps8', 'fss_T1']
[02:26:45] [lane1 whisfusion]   whisfusion__ls-dev-other__s00__ablation: 50/200  4.58 s/utt
[02:30:34] [lane1 whisfusion]   whisfusion__ls-dev-other__s00__ablation: 100/200  4.58 s/utt
[02:34:24] [lane1 whisfusion]   whisfusion__ls-dev-other__s00__ablation: 150/200  4.59 s/utt
[02:38:14] [lane1 whisfusion]   whisfusion__ls-dev-other__s00__ablation: 200/200  4.59 s/utt
[02:38:14] [lane1 whisfusion] done whisfusion__ls-dev-other__s00__ablation [done] 200 utts in 15.3 min (4.59 s/utt, RTF 0.707)
[02:38:14] [lane1 whisfusion] job whisfusion__ami__s01__main: 200 utts, 0 already done, arms ['main']
[02:40:08] [lane1 whisfusion]   whisfusion__ami__s01__main: 50/200  2.28 s/utt
[02:42:02] [lane1 whisfusion]   whisfusion__ami__s01__main: 100/200  2.28 s/utt
[02:43:56] [lane1 whisfusion]   whisfusion__ami__s01__main: 150/200  2.28 s/utt
[02:45:50] [lane1 whisfusion]   whisfusion__ami__s01__main: 200/200  2.28 s/utt
[02:45:50] [lane1 whisfusion] done whisfusion__ami__s01__main [done] 200 utts in 7.6 min (2.28 s/utt, RTF 0.709)
[02:45:50] [lane1 whisfusion] job whisfusion__voxpopuli__s01__main: 200 utts, 0 already done, arms ['main']
[02:47:44] [lane1 whisfusion]   whisfusion__voxpopuli__s01__main: 50/200  2.28 s/utt
[02:49:38] [lane1 whisfusion]   whisfusion__voxpopuli__s01__main: 100/200  2.28 s/utt
[02:51:32] [lane1 whisfusion]   whisfusion__voxpopuli__s01__main: 150/200  2.28 s/utt
[02:53:27] [lane1 whisfusion]   whisfusion__voxpopuli__s01__main: 200/200  2.28 s/utt
[02:53:27] [lane1 whisfusion] done whisfusion__voxpopuli__s01__main [done] 200 utts in 7.6 min (2.28 s/utt, RTF 0.329)
[02:53:27] [lane1 whisfusion] job whisfusion__spgispeech__s01__main: 200 utts, 0 already done, arms ['main']
[02:55:20] [lane1 whisfusion]   whisfusion__spgispeech__s01__main: 50/200  2.27 s/utt
[02:57:14] [lane1 whisfusion]   whisfusion__spgispeech__s01__main: 100/200  2.27 s/utt
[02:59:09] [lane1 whisfusion]   whisfusion__spgispeech__s01__main: 150/200  2.28 s/utt
[03:01:03] [lane1 whisfusion]   whisfusion__spgispeech__s01__main: 200/200  2.28 s/utt
[03:01:04] [lane1 whisfusion] done whisfusion__spgispeech__s01__main [done] 200 utts in 7.6 min (2.28 s/utt, RTF 0.250)
[03:01:04] [lane1 whisfusion] job whisfusion__fleurs-en__s01__main: 200 utts, 0 already done, arms ['main']
[03:02:58] [lane1 whisfusion]   whisfusion__fleurs-en__s01__main: 50/200  2.29 s/utt
[03:04:53] [lane1 whisfusion]   whisfusion__fleurs-en__s01__main: 100/200  2.29 s/utt
[03:06:47] [lane1 whisfusion]   whisfusion__fleurs-en__s01__main: 150/200  2.29 s/utt
[03:08:41] [lane1 whisfusion]   whisfusion__fleurs-en__s01__main: 200/200  2.29 s/utt
[03:08:42] [lane1 whisfusion] done whisfusion__fleurs-en__s01__main [done] 200 utts in 7.6 min (2.29 s/utt, RTF 0.230)
[03:08:42] [lane1 whisfusion] job whisfusion__ls-tc-babble10__s01__main: 200 utts, 0 already done, arms ['main']
[03:10:36] [lane1 whisfusion]   whisfusion__ls-tc-babble10__s01__main: 50/200  2.28 s/utt
[03:12:30] [lane1 whisfusion]   whisfusion__ls-tc-babble10__s01__main: 100/200  2.28 s/utt
[03:14:24] [lane1 whisfusion]   whisfusion__ls-tc-babble10__s01__main: 150/200  2.28 s/utt
[03:16:18] [lane1 whisfusion]   whisfusion__ls-tc-babble10__s01__main: 200/200  2.28 s/utt
[03:16:19] [lane1 whisfusion] done whisfusion__ls-tc-babble10__s01__main [done] 200 utts in 7.6 min (2.28 s/utt, RTF 0.298)
[03:16:19] [lane1 whisfusion] job whisfusion__ls-tc-babble5__s01__main: 200 utts, 0 already done, arms ['main']
[03:18:13] [lane1 whisfusion]   whisfusion__ls-tc-babble5__s01__main: 50/200  2.29 s/utt
[03:20:07] [lane1 whisfusion]   whisfusion__ls-tc-babble5__s01__main: 100/200  2.29 s/utt
[03:22:01] [lane1 whisfusion]   whisfusion__ls-tc-babble5__s01__main: 150/200  2.28 s/utt
[03:23:54] [lane1 whisfusion]   whisfusion__ls-tc-babble5__s01__main: 200/200  2.28 s/utt
[03:23:55] [lane1 whisfusion] done whisfusion__ls-tc-babble5__s01__main [done] 200 utts in 7.6 min (2.28 s/utt, RTF 0.298)
[03:23:55] [lane1 whisfusion] job whisfusion__ls-tc-white5__s01__main: 200 utts, 0 already done, arms ['main']
[03:25:50] [lane1 whisfusion]   whisfusion__ls-tc-white5__s01__main: 50/200  2.30 s/utt
[03:27:47] [lane1 whisfusion]   whisfusion__ls-tc-white5__s01__main: 100/200  2.32 s/utt
[03:29:42] [lane1 whisfusion]   whisfusion__ls-tc-white5__s01__main: 150/200  2.32 s/utt
[03:31:37] [lane1 whisfusion]   whisfusion__ls-tc-white5__s01__main: 200/200  2.31 s/utt
[03:31:38] [lane1 whisfusion] done whisfusion__ls-tc-white5__s01__main [done] 200 utts in 7.7 min (2.31 s/utt, RTF 0.303)
[03:31:38] [lane1 whisfusion] yielding: another model has lower-tier work waiting
[03:31:38] [lane1 whisfusion] exiting after 15 jobs
