[19:51:05] [lane0 whisper-turbo] host 3953d49cb228  cuda=True  device=Tesla T4
[19:52:22] [lane0 whisper-turbo] model loaded in 77 s
[19:52:22] [lane0 whisper-turbo] job whisper-turbo__ls-dev-other__s02__main: 200 utts, 0 already done, arms ['greedy', 'beam', 'sample']
[19:53:55] [lane0 whisper-turbo]   whisper-turbo__ls-dev-other__s02__main: 50/200  1.87 s/utt
[19:55:22] [lane0 whisper-turbo]   whisper-turbo__ls-dev-other__s02__main: 100/200  1.80 s/utt
[19:56:57] [lane0 whisper-turbo]   whisper-turbo__ls-dev-other__s02__main: 150/200  1.84 s/utt
[19:58:33] [lane0 whisper-turbo]   whisper-turbo__ls-dev-other__s02__main: 200/200  1.86 s/utt
[19:58:33] [lane0 whisper-turbo] done whisper-turbo__ls-dev-other__s02__main [done] 200 utts in 6.2 min (1.86 s/utt, RTF 0.296)
[19:58:33] [lane0 whisper-turbo] yielding: another model has lower-tier work waiting
[19:58:33] [lane0 whisper-turbo] exiting after 1 jobs
[19:58:37] [lane0 drax] host 3953d49cb228  cuda=True  device=Tesla T4
[19:59:56] [lane0 drax] model loaded in 79 s
[19:59:56] [lane0 drax] job drax__ls-test-other__s00__sweepT: 100 utts, 0 already done, arms ['T0.4', 'T0.7', 'T1', 'T1.3', 'T1.6']
[20:14:09] [lane0 drax]   drax__ls-test-other__s00__sweepT: 50/100  17.05 s/utt
[20:28:21] [lane0 drax]   drax__ls-test-other__s00__sweepT: 100/100  17.05 s/utt
[20:28:21] [lane0 drax] done drax__ls-test-other__s00__sweepT [done] 100 utts in 28.4 min (17.05 s/utt, RTF 2.648)
[20:28:21] [lane0 drax] job drax__ami__s00__sweepT: 100 utts, 0 already done, arms ['T0.4', 'T0.7', 'T1', 'T1.3', 'T1.6']
[20:42:34] [lane0 drax]   drax__ami__s00__sweepT: 50/100  17.05 s/utt
[20:56:44] [lane0 drax]   drax__ami__s00__sweepT: 100/100  17.03 s/utt
[20:56:45] [lane0 drax] done drax__ami__s00__sweepT [done] 100 utts in 28.4 min (17.03 s/utt, RTF 5.344)
[20:56:45] [lane0 drax] job drax__ls-tc-babble5__s00__sweepT: 100 utts, 0 already done, arms ['T0.4', 'T0.7', 'T1', 'T1.3', 'T1.6']
[21:10:59] [lane0 drax]   drax__ls-tc-babble5__s00__sweepT: 50/100  17.08 s/utt
[21:25:12] [lane0 drax]   drax__ls-tc-babble5__s00__sweepT: 100/100  17.07 s/utt
[21:25:12] [lane0 drax] done drax__ls-tc-babble5__s00__sweepT [done] 100 utts in 28.5 min (17.08 s/utt, RTF 2.328)
[21:25:12] [lane0 drax] job drax__ls-tc-babble15__s00__main: 200 utts, 0 already done, arms ['main', 'ref']
[21:28:56] [lane0 drax]   drax__ls-tc-babble15__s00__main: 50/200  4.48 s/utt
[21:32:40] [lane0 drax]   drax__ls-tc-babble15__s00__main: 100/200  4.48 s/utt
[21:36:24] [lane0 drax]   drax__ls-tc-babble15__s00__main: 150/200  4.48 s/utt
[21:40:07] [lane0 drax]   drax__ls-tc-babble15__s00__main: 200/200  4.48 s/utt
[21:40:08] [lane0 drax] done drax__ls-tc-babble15__s00__main [done] 200 utts in 14.9 min (4.48 s/utt, RTF 0.630)
[21:40:08] [lane0 drax] job drax__ls-tc-babble15__s00__lowT: 200 utts, 0 already done, arms ['lowT']
[21:43:06] [lane0 drax]   drax__ls-tc-babble15__s00__lowT: 50/200  3.56 s/utt
[21:46:04] [lane0 drax]   drax__ls-tc-babble15__s00__lowT: 100/200  3.57 s/utt
[21:49:02] [lane0 drax]   drax__ls-tc-babble15__s00__lowT: 150/200  3.56 s/utt
[21:52:00] [lane0 drax]   drax__ls-tc-babble15__s00__lowT: 200/200  3.56 s/utt
[21:52:00] [lane0 drax] done drax__ls-tc-babble15__s00__lowT [done] 200 utts in 11.9 min (3.56 s/utt, RTF 0.501)
[21:52:00] [lane0 drax] job drax__ls-tc-babbleM5__s00__main: 200 utts, 0 already done, arms ['main', 'ref']
[21:55:44] [lane0 drax]   drax__ls-tc-babbleM5__s00__main: 50/200  4.48 s/utt
[21:59:29] [lane0 drax]   drax__ls-tc-babbleM5__s00__main: 100/200  4.48 s/utt
[22:03:13] [lane0 drax]   drax__ls-tc-babbleM5__s00__main: 150/200  4.48 s/utt
[22:06:57] [lane0 drax]   drax__ls-tc-babbleM5__s00__main: 200/200  4.48 s/utt
[22:06:57] [lane0 drax] done drax__ls-tc-babbleM5__s00__main [done] 200 utts in 14.9 min (4.48 s/utt, RTF 0.631)
[22:06:57] [lane0 drax] job drax__ls-tc-white10__s00__main: 200 utts, 0 already done, arms ['main', 'ref']
[22:10:42] [lane0 drax]   drax__ls-tc-white10__s00__main: 50/200  4.49 s/utt
[22:14:26] [lane0 drax]   drax__ls-tc-white10__s00__main: 100/200  4.49 s/utt
[22:18:10] [lane0 drax]   drax__ls-tc-white10__s00__main: 150/200  4.49 s/utt
[22:21:54] [lane0 drax]   drax__ls-tc-white10__s00__main: 200/200  4.48 s/utt
[22:21:54] [lane0 drax] done drax__ls-tc-white10__s00__main [done] 200 utts in 15.0 min (4.49 s/utt, RTF 0.631)
[22:21:54] [lane0 drax] job drax__ls-tc-white0__s00__main: 200 utts, 0 already done, arms ['main', 'ref']
[22:25:38] [lane0 drax]   drax__ls-tc-white0__s00__main: 50/200  4.48 s/utt
[22:29:22] [lane0 drax]   drax__ls-tc-white0__s00__main: 100/200  4.47 s/utt
[22:33:05] [lane0 drax]   drax__ls-tc-white0__s00__main: 150/200  4.48 s/utt
[22:36:49] [lane0 drax]   drax__ls-tc-white0__s00__main: 200/200  4.47 s/utt
[22:36:49] [lane0 drax] done drax__ls-tc-white0__s00__main [done] 200 utts in 14.9 min (4.48 s/utt, RTF 0.630)
[22:36:49] [lane0 drax] job drax__ls-test-other__s03__main: 200 utts, 0 already done, arms ['main', 'ref']
[22:40:33] [lane0 drax]   drax__ls-test-other__s03__main: 50/200  4.48 s/utt
[22:44:18] [lane0 drax]   drax__ls-test-other__s03__main: 100/200  4.48 s/utt
[22:48:02] [lane0 drax]   drax__ls-test-other__s03__main: 150/200  4.48 s/utt
[22:51:46] [lane0 drax]   drax__ls-test-other__s03__main: 200/200  4.49 s/utt
[22:51:46] [lane0 drax] done drax__ls-test-other__s03__main [done] 200 utts in 15.0 min (4.49 s/utt, RTF 0.697)
[22:51:47] [lane0 drax] job drax__earnings22__s03__main: 200 utts, 0 already done, arms ['main', 'ref']
[22:55:31] [lane0 drax]   drax__earnings22__s03__main: 50/200  4.49 s/utt
[22:59:15] [lane0 drax]   drax__earnings22__s03__main: 100/200  4.49 s/utt
[23:03:00] [lane0 drax]   drax__earnings22__s03__main: 150/200  4.49 s/utt
[23:06:44] [lane0 drax]   drax__earnings22__s03__main: 200/200  4.49 s/utt
[23:06:44] [lane0 drax] done drax__earnings22__s03__main [done] 200 utts in 15.0 min (4.49 s/utt, RTF 0.689)
[23:06:44] [lane0 drax] job drax__gigaspeech__s03__main: 200 utts, 0 already done, arms ['main', 'ref']
[23:10:28] [lane0 drax]   drax__gigaspeech__s03__main: 50/200  4.47 s/utt
[23:14:11] [lane0 drax]   drax__gigaspeech__s03__main: 100/200  4.47 s/utt
[23:17:55] [lane0 drax]   drax__gigaspeech__s03__main: 150/200  4.47 s/utt
[23:21:39] [lane0 drax]   drax__gigaspeech__s03__main: 200/200  4.47 s/utt
[23:21:39] [lane0 drax] done drax__gigaspeech__s03__main [done] 200 utts in 14.9 min (4.47 s/utt, RTF 0.717)
[23:21:39] [lane0 drax] job drax__common_voice__s03__main: 200 utts, 0 already done, arms ['main', 'ref']
[23:25:22] [lane0 drax]   drax__common_voice__s03__main: 50/200  4.46 s/utt
[23:29:06] [lane0 drax]   drax__common_voice__s03__main: 100/200  4.47 s/utt
[23:32:49] [lane0 drax]   drax__common_voice__s03__main: 150/200  4.47 s/utt
[23:36:32] [lane0 drax]   drax__common_voice__s03__main: 200/200  4.47 s/utt
[23:36:32] [lane0 drax] done drax__common_voice__s03__main [done] 200 utts in 14.9 min (4.47 s/utt, RTF 0.791)
[23:36:32] [lane0 drax] job drax__fleurs-de__s03__main: 200 utts, 0 already done, arms ['main', 'ref']
[23:40:17] [lane0 drax]   drax__fleurs-de__s03__main: 50/200  4.49 s/utt
[23:44:01] [lane0 drax]   drax__fleurs-de__s03__main: 100/200  4.49 s/utt
[23:47:46] [lane0 drax]   drax__fleurs-de__s03__main: 150/200  4.49 s/utt
[23:51:32] [lane0 drax]   drax__fleurs-de__s03__main: 200/200  4.50 s/utt
[23:51:32] [lane0 drax] done drax__fleurs-de__s03__main [done] 200 utts in 15.0 min (4.50 s/utt, RTF 0.365)
[23:51:32] [lane0 drax] job drax__fleurs-it__s03__main: 200 utts, 0 already done, arms ['main', 'ref']
[23:55:17] [lane0 drax]   drax__fleurs-it__s03__main: 50/200  4.51 s/utt
[23:59:02] [lane0 drax]   drax__fleurs-it__s03__main: 100/200  4.50 s/utt
[00:02:48] [lane0 drax]   drax__fleurs-it__s03__main: 150/200  4.51 s/utt
[00:06:33] [lane0 drax]   drax__fleurs-it__s03__main: 200/200  4.51 s/utt
[00:06:34] [lane0 drax] done drax__fleurs-it__s03__main [done] 200 utts in 15.0 min (4.51 s/utt, RTF 0.323)
[00:06:34] [lane0 drax] job drax__ls-test-clean__s04__main: 200 utts, 0 already done, arms ['main', 'ref']
[00:10:18] [lane0 drax]   drax__ls-test-clean__s04__main: 50/200  4.48 s/utt
[00:14:02] [lane0 drax]   drax__ls-test-clean__s04__main: 100/200  4.48 s/utt
[00:17:46] [lane0 drax]   drax__ls-test-clean__s04__main: 150/200  4.48 s/utt
[00:21:30] [lane0 drax]   drax__ls-test-clean__s04__main: 200/200  4.48 s/utt
[00:21:30] [lane0 drax] done drax__ls-test-clean__s04__main [done] 200 utts in 14.9 min (4.48 s/utt, RTF 0.640)
[00:21:30] [lane0 drax] job drax__ami__s04__main: 200 utts, 0 already done, arms ['main', 'ref']
[00:25:14] [lane0 drax]   drax__ami__s04__main: 50/200  4.47 s/utt
[00:28:57] [lane0 drax]   drax__ami__s04__main: 100/200  4.47 s/utt
[00:32:40] [lane0 drax]   drax__ami__s04__main: 150/200  4.47 s/utt
[00:36:23] [lane0 drax]   drax__ami__s04__main: 200/200  4.47 s/utt
[00:36:23] [lane0 drax] done drax__ami__s04__main [done] 200 utts in 14.9 min (4.47 s/utt, RTF 1.555)
[00:36:24] [lane0 drax] job drax__voxpopuli__s04__main: 118 utts, 0 already done, arms ['main', 'ref']
[00:40:07] [lane0 drax]   drax__voxpopuli__s04__main: 50/118  4.48 s/utt
[00:43:51] [lane0 drax]   drax__voxpopuli__s04__main: 100/118  4.48 s/utt
[00:45:12] [lane0 drax] done drax__voxpopuli__s04__main [done] 118 utts in 8.8 min (4.48 s/utt, RTF 0.665)
[00:45:12] [lane0 drax] job drax__gigaspeech__s04__main: 200 utts, 0 already done, arms ['main', 'ref']
[00:48:56] [lane0 drax]   drax__gigaspeech__s04__main: 50/200  4.49 s/utt
[00:52:40] [lane0 drax]   drax__gigaspeech__s04__main: 100/200  4.48 s/utt
[00:56:24] [lane0 drax]   drax__gigaspeech__s04__main: 150/200  4.48 s/utt
[01:00:07] [lane0 drax]   drax__gigaspeech__s04__main: 200/200  4.48 s/utt
[01:00:08] [lane0 drax] done drax__gigaspeech__s04__main [done] 200 utts in 14.9 min (4.48 s/utt, RTF 0.715)
[01:00:08] [lane0 drax] job drax__common_voice__s04__main: 200 utts, 0 already done, arms ['main', 'ref']
[01:03:51] [lane0 drax]   drax__common_voice__s04__main: 50/200  4.47 s/utt
[01:07:35] [lane0 drax]   drax__common_voice__s04__main: 100/200  4.47 s/utt
[01:11:18] [lane0 drax]   drax__common_voice__s04__main: 150/200  4.47 s/utt
[01:15:01] [lane0 drax]   drax__common_voice__s04__main: 200/200  4.47 s/utt
[01:15:01] [lane0 drax] done drax__common_voice__s04__main [done] 200 utts in 14.9 min (4.47 s/utt, RTF 0.798)
[01:15:01] [lane0 drax] yielding: another model has lower-tier work waiting
[01:15:01] [lane0 drax] exiting after 19 jobs
[01:15:05] [lane0 whisfusion] host 3953d49cb228  cuda=True  device=Tesla T4
[01:15:20] [lane0 whisfusion] model loaded in 15 s
[01:15:20] [lane0 whisfusion] job whisfusion__ls-test-other__s03__main: 200 utts, 0 already done, arms ['main']
[01:17:11] [lane0 whisfusion]   whisfusion__ls-test-other__s03__main: 50/200  2.22 s/utt
[01:19:01] [lane0 whisfusion]   whisfusion__ls-test-other__s03__main: 100/200  2.21 s/utt
[01:20:51] [lane0 whisfusion]   whisfusion__ls-test-other__s03__main: 150/200  2.20 s/utt
[01:22:41] [lane0 whisfusion]   whisfusion__ls-test-other__s03__main: 200/200  2.21 s/utt
[01:22:41] [lane0 whisfusion] done whisfusion__ls-test-other__s03__main [done] 200 utts in 7.4 min (2.21 s/utt, RTF 0.343)
[01:22:41] [lane0 whisfusion] job whisfusion__earnings22__s03__main: 200 utts, 0 already done, arms ['main']
[01:24:32] [lane0 whisfusion]   whisfusion__earnings22__s03__main: 50/200  2.21 s/utt
[01:26:22] [lane0 whisfusion]   whisfusion__earnings22__s03__main: 100/200  2.21 s/utt
[01:28:13] [lane0 whisfusion]   whisfusion__earnings22__s03__main: 150/200  2.21 s/utt
[01:30:04] [lane0 whisfusion]   whisfusion__earnings22__s03__main: 200/200  2.21 s/utt
[01:30:04] [lane0 whisfusion] done whisfusion__earnings22__s03__main [done] 200 utts in 7.4 min (2.21 s/utt, RTF 0.340)
[01:30:04] [lane0 whisfusion] job whisfusion__gigaspeech__s03__main: 200 utts, 0 already done, arms ['main']
[01:31:55] [lane0 whisfusion]   whisfusion__gigaspeech__s03__main: 50/200  2.21 s/utt
[01:33:45] [lane0 whisfusion]   whisfusion__gigaspeech__s03__main: 100/200  2.21 s/utt
[01:35:36] [lane0 whisfusion]   whisfusion__gigaspeech__s03__main: 150/200  2.21 s/utt
[01:37:26] [lane0 whisfusion]   whisfusion__gigaspeech__s03__main: 200/200  2.21 s/utt
[01:37:27] [lane0 whisfusion] done whisfusion__gigaspeech__s03__main [done] 200 utts in 7.4 min (2.21 s/utt, RTF 0.355)
[01:37:27] [lane0 whisfusion] job whisfusion__common_voice__s03__main: 200 utts, 0 already done, arms ['main']
[01:39:17] [lane0 whisfusion]   whisfusion__common_voice__s03__main: 50/200  2.20 s/utt
[01:41:07] [lane0 whisfusion]   whisfusion__common_voice__s03__main: 100/200  2.20 s/utt
[01:42:57] [lane0 whisfusion]   whisfusion__common_voice__s03__main: 150/200  2.20 s/utt
[01:44:47] [lane0 whisfusion]   whisfusion__common_voice__s03__main: 200/200  2.20 s/utt
[01:44:47] [lane0 whisfusion] done whisfusion__common_voice__s03__main [done] 200 utts in 7.3 min (2.20 s/utt, RTF 0.390)
[01:44:47] [lane0 whisfusion] job whisfusion__ls-test-clean__s04__main: 200 utts, 0 already done, arms ['main']
[01:46:37] [lane0 whisfusion]   whisfusion__ls-test-clean__s04__main: 50/200  2.20 s/utt
[01:48:28] [lane0 whisfusion]   whisfusion__ls-test-clean__s04__main: 100/200  2.21 s/utt
[01:50:18] [lane0 whisfusion]   whisfusion__ls-test-clean__s04__main: 150/200  2.21 s/utt
[01:52:08] [lane0 whisfusion]   whisfusion__ls-test-clean__s04__main: 200/200  2.21 s/utt
[01:52:09] [lane0 whisfusion] done whisfusion__ls-test-clean__s04__main [done] 200 utts in 7.4 min (2.21 s/utt, RTF 0.315)
[01:52:09] [lane0 whisfusion] job whisfusion__ami__s04__main: 200 utts, 0 already done, arms ['main']
[01:53:59] [lane0 whisfusion]   whisfusion__ami__s04__main: 50/200  2.20 s/utt
[01:55:49] [lane0 whisfusion]   whisfusion__ami__s04__main: 100/200  2.20 s/utt
[01:57:39] [lane0 whisfusion]   whisfusion__ami__s04__main: 150/200  2.20 s/utt
[01:59:29] [lane0 whisfusion]   whisfusion__ami__s04__main: 200/200  2.20 s/utt
[01:59:29] [lane0 whisfusion] done whisfusion__ami__s04__main [done] 200 utts in 7.3 min (2.20 s/utt, RTF 0.767)
[01:59:29] [lane0 whisfusion] job whisfusion__voxpopuli__s04__main: 118 utts, 0 already done, arms ['main']
[02:01:20] [lane0 whisfusion]   whisfusion__voxpopuli__s04__main: 50/118  2.21 s/utt
[02:03:10] [lane0 whisfusion]   whisfusion__voxpopuli__s04__main: 100/118  2.21 s/utt
[02:03:50] [lane0 whisfusion] done whisfusion__voxpopuli__s04__main [done] 118 utts in 4.3 min (2.21 s/utt, RTF 0.328)
[02:03:50] [lane0 whisfusion] job whisfusion__spgispeech__s04__main: 200 utts, 0 already done, arms ['main']
[02:05:41] [lane0 whisfusion]   whisfusion__spgispeech__s04__main: 50/200  2.21 s/utt
[02:07:31] [lane0 whisfusion]   whisfusion__spgispeech__s04__main: 100/200  2.21 s/utt
[02:09:22] [lane0 whisfusion]   whisfusion__spgispeech__s04__main: 150/200  2.21 s/utt
[02:11:13] [lane0 whisfusion]   whisfusion__spgispeech__s04__main: 200/200  2.21 s/utt
[02:11:13] [lane0 whisfusion] done whisfusion__spgispeech__s04__main [done] 200 utts in 7.4 min (2.22 s/utt, RTF 0.253)
[02:11:13] [lane0 whisfusion] job whisfusion__slr83__s04__main: 200 utts, 0 already done, arms ['main']
[02:13:03] [lane0 whisfusion]   whisfusion__slr83__s04__main: 50/200  2.19 s/utt
[02:14:53] [lane0 whisfusion]   whisfusion__slr83__s04__main: 100/200  2.19 s/utt
[02:16:43] [lane0 whisfusion]   whisfusion__slr83__s04__main: 150/200  2.20 s/utt
[02:18:33] [lane0 whisfusion]   whisfusion__slr83__s04__main: 200/200  2.20 s/utt
[02:18:33] [lane0 whisfusion] done whisfusion__slr83__s04__main [done] 200 utts in 7.3 min (2.20 s/utt, RTF 0.332)
[02:18:33] [lane0 whisfusion] job whisfusion__ami__s01__sweepT: 100 utts, 0 already done, arms ['fss0', 'fssT0.5', 'fssT1', 'fssT1.5']
[02:25:57] [lane0 whisfusion]   whisfusion__ami__s01__sweepT: 50/100  8.89 s/utt
[02:33:21] [lane0 whisfusion]   whisfusion__ami__s01__sweepT: 100/100  8.88 s/utt
[02:33:21] [lane0 whisfusion] done whisfusion__ami__s01__sweepT [done] 100 utts in 14.8 min (8.88 s/utt, RTF 2.985)
[02:33:21] [lane0 whisfusion] yielding: another model has lower-tier work waiting
[02:33:21] [lane0 whisfusion] exiting after 10 jobs
[02:33:25] [lane0 drax] host 3953d49cb228  cuda=True  device=Tesla T4
[02:33:43] [lane0 drax] model loaded in 19 s
[02:33:43] [lane0 drax] job drax__ls-test-other__s01__sweepT: 100 utts, 0 already done, arms ['T0.4', 'T0.7', 'T1', 'T1.3', 'T1.6']
[02:47:53] [lane0 drax]   drax__ls-test-other__s01__sweepT: 50/100  17.00 s/utt
[03:02:07] [lane0 drax]   drax__ls-test-other__s01__sweepT: 100/100  17.04 s/utt
[03:02:08] [lane0 drax] done drax__ls-test-other__s01__sweepT [done] 100 utts in 28.4 min (17.04 s/utt, RTF 2.579)
[03:02:08] [lane0 drax] job drax__ami__s01__sweepT: 100 utts, 0 already done, arms ['T0.4', 'T0.7', 'T1', 'T1.3', 'T1.6']
[03:16:19] [lane0 drax]   drax__ami__s01__sweepT: 50/100  17.02 s/utt
[03:30:30] [lane0 drax]   drax__ami__s01__sweepT: 100/100  17.02 s/utt
[03:30:30] [lane0 drax] done drax__ami__s01__sweepT [done] 100 utts in 28.4 min (17.02 s/utt, RTF 5.723)
[03:30:30] [lane0 drax] job drax__ls-tc-babble5__s01__sweepT: 100 utts, 0 already done, arms ['T0.4', 'T0.7', 'T1', 'T1.3', 'T1.6']
[03:44:42] [lane0 drax]   drax__ls-tc-babble5__s01__sweepT: 50/100  17.03 s/utt
[03:58:53] [lane0 drax]   drax__ls-tc-babble5__s01__sweepT: 100/100  17.03 s/utt
[03:58:53] [lane0 drax] done drax__ls-tc-babble5__s01__sweepT [done] 100 utts in 28.4 min (17.03 s/utt, RTF 2.473)
[03:58:53] [lane0 drax] yielding: another model has lower-tier work waiting
[03:58:53] [lane0 drax] exiting after 3 jobs
[03:58:58] [lane0 whisper-turbo] host 3953d49cb228  cuda=True  device=Tesla T4
[03:59:16] [lane0 whisper-turbo] model loaded in 17 s
[03:59:16] [lane0 whisper-turbo] job whisper-turbo__ls-test-other__s01__sweepT: 100 utts, 0 already done, arms ['greedy', 'T0.3', 'T0.6', 'T0.9', 'T1.2']
[04:02:12] [lane0 whisper-turbo]   whisper-turbo__ls-test-other__s01__sweepT: 50/100  3.53 s/utt
[04:05:18] [lane0 whisper-turbo]   whisper-turbo__ls-test-other__s01__sweepT: 100/100  3.63 s/utt
[04:05:19] [lane0 whisper-turbo] done whisper-turbo__ls-test-other__s01__sweepT [done] 100 utts in 6.0 min (3.63 s/utt, RTF 0.549)
[04:05:19] [lane0 whisper-turbo] job whisper-turbo__ls-test-clean__s02__main: 200 utts, 0 already done, arms ['greedy', 'beam', 'sample']
[04:06:52] [lane0 whisper-turbo]   whisper-turbo__ls-test-clean__s02__main: 50/200  1.86 s/utt
[04:08:23] [lane0 whisper-turbo]   whisper-turbo__ls-test-clean__s02__main: 100/200  1.85 s/utt
[04:09:54] [lane0 whisper-turbo]   whisper-turbo__ls-test-clean__s02__main: 150/200  1.83 s/utt
[04:11:27] [lane0 whisper-turbo]   whisper-turbo__ls-test-clean__s02__main: 200/200  1.84 s/utt
[04:11:27] [lane0 whisper-turbo] done whisper-turbo__ls-test-clean__s02__main [done] 200 utts in 6.1 min (1.84 s/utt, RTF 0.257)
[04:11:27] [lane0 whisper-turbo] job whisper-turbo__ami__s02__main: 200 utts, 0 already done, arms ['greedy', 'beam', 'sample']
[04:12:42] [lane0 whisper-turbo]   whisper-turbo__ami__s02__main: 50/200  1.50 s/utt
[04:14:00] [lane0 whisper-turbo]   whisper-turbo__ami__s02__main: 100/200  1.53 s/utt
[04:15:16] [lane0 whisper-turbo]   whisper-turbo__ami__s02__main: 150/200  1.53 s/utt
[04:16:38] [lane0 whisper-turbo]   whisper-turbo__ami__s02__main: 200/200  1.55 s/utt
[04:16:38] [lane0 whisper-turbo] done whisper-turbo__ami__s02__main [done] 200 utts in 5.2 min (1.55 s/utt, RTF 0.527)
[04:16:38] [lane0 whisper-turbo] job whisper-turbo__earnings22__s02__main: 200 utts, 0 already done, arms ['greedy', 'beam', 'sample']
[04:18:06] [lane0 whisper-turbo]   whisper-turbo__earnings22__s02__main: 50/200  1.76 s/utt
[04:19:33] [lane0 whisper-turbo]   whisper-turbo__earnings22__s02__main: 100/200  1.75 s/utt
[04:20:59] [lane0 whisper-turbo]   whisper-turbo__earnings22__s02__main: 150/200  1.74 s/utt
[04:22:26] [lane0 whisper-turbo]   whisper-turbo__earnings22__s02__main: 200/200  1.74 s/utt
[04:22:26] [lane0 whisper-turbo] done whisper-turbo__earnings22__s02__main [done] 200 utts in 5.8 min (1.74 s/utt, RTF 0.263)
[04:22:26] [lane0 whisper-turbo] job whisper-turbo__ls-tc-babble5__s02__main: 200 utts, 0 already done, arms ['greedy', 'beam', 'sample']
[04:24:00] [lane0 whisper-turbo]   whisper-turbo__ls-tc-babble5__s02__main: 50/200  1.88 s/utt
[04:25:33] [lane0 whisper-turbo]   whisper-turbo__ls-tc-babble5__s02__main: 100/200  1.87 s/utt
[04:27:04] [lane0 whisper-turbo]   whisper-turbo__ls-tc-babble5__s02__main: 150/200  1.85 s/utt
[04:28:38] [lane0 whisper-turbo]   whisper-turbo__ls-tc-babble5__s02__main: 200/200  1.86 s/utt
[04:28:38] [lane0 whisper-turbo] done whisper-turbo__ls-tc-babble5__s02__main [done] 200 utts in 6.2 min (1.86 s/utt, RTF 0.259)
[04:28:38] [lane0 whisper-turbo] job whisper-turbo__ls-test-clean__s03__main: 200 utts, 0 already done, arms ['greedy', 'beam', 'sample']
[04:30:12] [lane0 whisper-turbo]   whisper-turbo__ls-test-clean__s03__main: 50/200  1.88 s/utt
[04:31:45] [lane0 whisper-turbo]   whisper-turbo__ls-test-clean__s03__main: 100/200  1.87 s/utt
[04:33:19] [lane0 whisper-turbo]   whisper-turbo__ls-test-clean__s03__main: 150/200  1.87 s/utt
[04:34:57] [lane0 whisper-turbo]   whisper-turbo__ls-test-clean__s03__main: 200/200  1.89 s/utt
[04:34:57] [lane0 whisper-turbo] done whisper-turbo__ls-test-clean__s03__main [done] 200 utts in 6.3 min (1.90 s/utt, RTF 0.256)
[04:34:57] [lane0 whisper-turbo] job whisper-turbo__ami__s03__main: 200 utts, 0 already done, arms ['greedy', 'beam', 'sample']
[04:36:19] [lane0 whisper-turbo]   whisper-turbo__ami__s03__main: 50/200  1.63 s/utt
[04:37:42] [lane0 whisper-turbo]   whisper-turbo__ami__s03__main: 100/200  1.65 s/utt
[04:39:01] [lane0 whisper-turbo]   whisper-turbo__ami__s03__main: 150/200  1.62 s/utt
[04:40:20] [lane0 whisper-turbo]   whisper-turbo__ami__s03__main: 200/200  1.61 s/utt
[04:40:20] [lane0 whisper-turbo] done whisper-turbo__ami__s03__main [done] 200 utts in 5.4 min (1.61 s/utt, RTF 0.475)
[04:40:20] [lane0 whisper-turbo] job whisper-turbo__common_voice__s03__main: 200 utts, 0 already done, arms ['greedy', 'beam', 'sample']
[04:41:39] [lane0 whisper-turbo]   whisper-turbo__common_voice__s03__main: 50/200  1.58 s/utt
[04:42:58] [lane0 whisper-turbo]   whisper-turbo__common_voice__s03__main: 100/200  1.58 s/utt
[04:44:15] [lane0 whisper-turbo]   whisper-turbo__common_voice__s03__main: 150/200  1.57 s/utt
[04:45:30] [lane0 whisper-turbo]   whisper-turbo__common_voice__s03__main: 200/200  1.55 s/utt
[04:45:30] [lane0 whisper-turbo] done whisper-turbo__common_voice__s03__main [done] 200 utts in 5.2 min (1.55 s/utt, RTF 0.275)
[04:45:30] [lane0 whisper-turbo] nothing claimable for this model
[04:45:30] [lane0 whisper-turbo] exiting after 8 jobs
[04:45:34] [lane0 drax] host 3953d49cb228  cuda=True  device=Tesla T4
[04:45:51] [lane0 drax] model loaded in 17 s
[04:45:51] [lane0 drax] job drax__ls-tc-babble15__s01__main: 200 utts, 0 already done, arms ['main', 'ref']
[04:49:35] [lane0 drax]   drax__ls-tc-babble15__s01__main: 50/200  4.47 s/utt
[04:53:19] [lane0 drax]   drax__ls-tc-babble15__s01__main: 100/200  4.48 s/utt
[04:57:03] [lane0 drax]   drax__ls-tc-babble15__s01__main: 150/200  4.48 s/utt
[05:00:47] [lane0 drax]   drax__ls-tc-babble15__s01__main: 200/200  4.48 s/utt
[05:00:47] [lane0 drax] done drax__ls-tc-babble15__s01__main [done] 200 utts in 14.9 min (4.48 s/utt, RTF 0.586)
[05:00:47] [lane0 drax] job drax__ls-tc-babbleM5__s01__main: 200 utts, 0 already done, arms ['main', 'ref']
[05:04:31] [lane0 drax]   drax__ls-tc-babbleM5__s01__main: 50/200  4.47 s/utt
[05:08:14] [lane0 drax]   drax__ls-tc-babbleM5__s01__main: 100/200  4.46 s/utt
[05:11:57] [lane0 drax]   drax__ls-tc-babbleM5__s01__main: 150/200  4.46 s/utt
[05:15:40] [lane0 drax]   drax__ls-tc-babbleM5__s01__main: 200/200  4.46 s/utt
[05:15:40] [lane0 drax] done drax__ls-tc-babbleM5__s01__main [done] 200 utts in 14.9 min (4.46 s/utt, RTF 0.583)
[05:15:40] [lane0 drax] job drax__ls-tc-white10__s01__main: 200 utts, 0 already done, arms ['main', 'ref']
[05:19:24] [lane0 drax]   drax__ls-tc-white10__s01__main: 50/200  4.48 s/utt
[05:23:08] [lane0 drax]   drax__ls-tc-white10__s01__main: 100/200  4.48 s/utt
[05:26:51] [lane0 drax]   drax__ls-tc-white10__s01__main: 150/200  4.48 s/utt
[05:30:36] [lane0 drax]   drax__ls-tc-white10__s01__main: 200/200  4.48 s/utt
[05:30:36] [lane0 drax] done drax__ls-tc-white10__s01__main [done] 200 utts in 14.9 min (4.48 s/utt, RTF 0.586)
[05:30:36] [lane0 drax] job drax__ls-tc-white0__s01__main: 200 utts, 0 already done, arms ['main', 'ref']
[05:34:19] [lane0 drax]   drax__ls-tc-white0__s01__main: 50/200  4.47 s/utt
[05:38:03] [lane0 drax]   drax__ls-tc-white0__s01__main: 100/200  4.47 s/utt
[05:41:47] [lane0 drax]   drax__ls-tc-white0__s01__main: 150/200  4.48 s/utt
[05:45:31] [lane0 drax]   drax__ls-tc-white0__s01__main: 200/200  4.47 s/utt
[05:45:31] [lane0 drax] done drax__ls-tc-white0__s01__main [done] 200 utts in 14.9 min (4.48 s/utt, RTF 0.585)
[05:45:31] [lane0 drax] job drax__ls-tc-babbleM5__s02__main: 200 utts, 0 already done, arms ['main', 'ref']
[05:49:15] [lane0 drax]   drax__ls-tc-babbleM5__s02__main: 50/200  4.49 s/utt
[05:52:59] [lane0 drax]   drax__ls-tc-babbleM5__s02__main: 100/200  4.48 s/utt
[05:56:43] [lane0 drax]   drax__ls-tc-babbleM5__s02__main: 150/200  4.48 s/utt
[06:00:27] [lane0 drax]   drax__ls-tc-babbleM5__s02__main: 200/200  4.48 s/utt
[06:00:27] [lane0 drax] done drax__ls-tc-babbleM5__s02__main [done] 200 utts in 14.9 min (4.48 s/utt, RTF 0.625)
[06:00:27] [lane0 drax] job drax__ls-tc-white0__s02__main: 200 utts, 0 already done, arms ['main', 'ref']
[06:04:11] [lane0 drax]   drax__ls-tc-white0__s02__main: 50/200  4.47 s/utt
[06:07:55] [lane0 drax]   drax__ls-tc-white0__s02__main: 100/200  4.48 s/utt
[06:11:38] [lane0 drax]   drax__ls-tc-white0__s02__main: 150/200  4.47 s/utt
[06:15:21] [lane0 drax]   drax__ls-tc-white0__s02__main: 200/200  4.47 s/utt
[06:15:22] [lane0 drax] done drax__ls-tc-white0__s02__main [done] 200 utts in 14.9 min (4.47 s/utt, RTF 0.624)
[06:15:22] [lane0 drax] job drax__ls-test-other__s02__lowT: 200 utts, 0 already done, arms ['lowT']
[06:18:19] [lane0 drax]   drax__ls-test-other__s02__lowT: 50/200  3.55 s/utt
[06:21:17] [lane0 drax]   drax__ls-test-other__s02__lowT: 100/200  3.55 s/utt
[06:24:15] [lane0 drax]   drax__ls-test-other__s02__lowT: 150/200  3.55 s/utt
[06:27:13] [lane0 drax]   drax__ls-test-other__s02__lowT: 200/200  3.56 s/utt
[06:27:13] [lane0 drax] done drax__ls-test-other__s02__lowT [done] 200 utts in 11.9 min (3.56 s/utt, RTF 0.539)
[06:27:13] [lane0 drax] job drax__earnings22__s02__lowT: 200 utts, 0 already done, arms ['lowT']
[06:30:11] [lane0 drax]   drax__earnings22__s02__lowT: 50/200  3.56 s/utt
[06:33:09] [lane0 drax]   drax__earnings22__s02__lowT: 100/200  3.56 s/utt
[06:36:07] [lane0 drax]   drax__earnings22__s02__lowT: 150/200  3.56 s/utt
[06:39:05] [lane0 drax]   drax__earnings22__s02__lowT: 200/200  3.56 s/utt
[06:39:05] [lane0 drax] done drax__earnings22__s02__lowT [done] 200 utts in 11.9 min (3.56 s/utt, RTF 0.537)
[06:39:05] [lane0 drax] job drax__gigaspeech__s02__lowT: 200 utts, 0 already done, arms ['lowT']
[06:42:03] [lane0 drax]   drax__gigaspeech__s02__lowT: 50/200  3.56 s/utt
[06:45:01] [lane0 drax]   drax__gigaspeech__s02__lowT: 100/200  3.56 s/utt
[06:47:59] [lane0 drax]   drax__gigaspeech__s02__lowT: 150/200  3.56 s/utt
[06:48:31] [lane0 drax] deadline reached inside drax__gigaspeech__s02__lowT after 159 utts
[06:48:31] [lane0 drax] done drax__gigaspeech__s02__lowT [partial] 159 utts in 9.4 min (3.56 s/utt, RTF 0.565)
[06:48:31] [lane0 drax] exiting after 9 jobs
