[21:31:59] [lane1 whisfusion] host 3953d49cb228  cuda=True  device=Tesla T4
[wf_compat] shims active: rotary_emb, dropout_layer_norm, flash_attn, xformers.ops.SwiGLU, FusedRMSNorm
Warning: You are sending unauthenticated requests to the HF Hub. Please set a HF_TOKEN to enable higher rate limits and faster downloads.
[wf] device=cuda (Tesla T4) dtype=torch.float16
[wf] base: 129 keys, 72 missing
[wf] adapter: 201 keys, 0 missing, 0 unexpected
[wf] decoder 261.5M · Whisper encoder 88.2M
[21:32:16] [lane1 whisfusion] model loaded in 17 s
[21:32:16] [lane1 whisfusion] job whisfusion__ls-tc-babble15__s00__main: 200 utts, 0 already done, arms ['main']
[21:33:54] [lane1 whisfusion]   whisfusion__ls-tc-babble15__s00__main: 50/200  1.95 s/utt
[21:35:33] [lane1 whisfusion]   whisfusion__ls-tc-babble15__s00__main: 100/200  1.97 s/utt
[21:37:14] [lane1 whisfusion]   whisfusion__ls-tc-babble15__s00__main: 150/200  1.99 s/utt
[21:38:55] [lane1 whisfusion]   whisfusion__ls-tc-babble15__s00__main: 200/200  2.00 s/utt
[21:38:56] [lane1 whisfusion] done whisfusion__ls-tc-babble15__s00__main [done] 200 utts in 6.7 min (2.00 s/utt, RTF 0.281)
[21:38:56] [lane1 whisfusion] job whisfusion__ls-tc-babbleM5__s00__main: 200 utts, 0 already done, arms ['main']
[21:40:37] [lane1 whisfusion]   whisfusion__ls-tc-babbleM5__s00__main: 50/200  2.03 s/utt
[21:42:19] [lane1 whisfusion]   whisfusion__ls-tc-babbleM5__s00__main: 100/200  2.03 s/utt
[21:44:00] [lane1 whisfusion]   whisfusion__ls-tc-babbleM5__s00__main: 150/200  2.03 s/utt
[21:45:42] [lane1 whisfusion]   whisfusion__ls-tc-babbleM5__s00__main: 200/200  2.03 s/utt
[21:45:42] [lane1 whisfusion] done whisfusion__ls-tc-babbleM5__s00__main [done] 200 utts in 6.8 min (2.03 s/utt, RTF 0.286)
[21:45:42] [lane1 whisfusion] job whisfusion__ls-tc-white10__s00__main: 200 utts, 0 already done, arms ['main']
[21:47:23] [lane1 whisfusion]   whisfusion__ls-tc-white10__s00__main: 50/200  2.02 s/utt
[21:49:05] [lane1 whisfusion]   whisfusion__ls-tc-white10__s00__main: 100/200  2.02 s/utt
[21:50:46] [lane1 whisfusion]   whisfusion__ls-tc-white10__s00__main: 150/200  2.03 s/utt
[21:52:28] [lane1 whisfusion]   whisfusion__ls-tc-white10__s00__main: 200/200  2.03 s/utt
[21:52:28] [lane1 whisfusion] done whisfusion__ls-tc-white10__s00__main [done] 200 utts in 6.8 min (2.03 s/utt, RTF 0.285)
[21:52:28] [lane1 whisfusion] job whisfusion__ls-tc-white0__s00__main: 200 utts, 0 already done, arms ['main']
[21:54:09] [lane1 whisfusion]   whisfusion__ls-tc-white0__s00__main: 50/200  2.03 s/utt
[21:55:51] [lane1 whisfusion]   whisfusion__ls-tc-white0__s00__main: 100/200  2.03 s/utt
[21:57:33] [lane1 whisfusion]   whisfusion__ls-tc-white0__s00__main: 150/200  2.03 s/utt
[21:59:14] [lane1 whisfusion]   whisfusion__ls-tc-white0__s00__main: 200/200  2.03 s/utt
[21:59:15] [lane1 whisfusion] done whisfusion__ls-tc-white0__s00__main [done] 200 utts in 6.8 min (2.03 s/utt, RTF 0.286)
[21:59:15] [lane1 whisfusion] yielding: another model has lower-tier work waiting
[21:59:15] [lane1 whisfusion] exiting after 4 jobs
