[01:14:43] [lane1 whisfusion] host 3953d49cb228  cuda=True  device=Tesla T4
[wf_compat] shims active: rotary_emb, dropout_layer_norm, flash_attn, xformers.ops.SwiGLU, FusedRMSNorm
Warning: You are sending unauthenticated requests to the HF Hub. Please set a HF_TOKEN to enable higher rate limits and faster downloads.
[wf] device=cuda (Tesla T4) dtype=torch.float16
[wf] base: 129 keys, 72 missing
[wf] adapter: 201 keys, 0 missing, 0 unexpected
[wf] decoder 261.5M · Whisper encoder 88.2M
[01:15:01] [lane1 whisfusion] model loaded in 17 s
[01:15:01] [lane1 whisfusion] job whisfusion__ls-test-clean__s03__main: 200 utts, 0 already done, arms ['main']
[01:16:42] [lane1 whisfusion]   whisfusion__ls-test-clean__s03__main: 50/200  2.03 s/utt
[01:18:23] [lane1 whisfusion]   whisfusion__ls-test-clean__s03__main: 100/200  2.02 s/utt
[01:20:04] [lane1 whisfusion]   whisfusion__ls-test-clean__s03__main: 150/200  2.02 s/utt
[01:21:45] [lane1 whisfusion]   whisfusion__ls-test-clean__s03__main: 200/200  2.02 s/utt
[01:21:45] [lane1 whisfusion] done whisfusion__ls-test-clean__s03__main [done] 200 utts in 6.7 min (2.02 s/utt, RTF 0.273)
[01:21:46] [lane1 whisfusion] job whisfusion__ami__s03__main: 200 utts, 0 already done, arms ['main']
[01:23:27] [lane1 whisfusion]   whisfusion__ami__s03__main: 50/200  2.02 s/utt
[01:25:08] [lane1 whisfusion]   whisfusion__ami__s03__main: 100/200  2.02 s/utt
[01:26:49] [lane1 whisfusion]   whisfusion__ami__s03__main: 150/200  2.02 s/utt
[01:28:30] [lane1 whisfusion]   whisfusion__ami__s03__main: 200/200  2.02 s/utt
[01:28:30] [lane1 whisfusion] done whisfusion__ami__s03__main [done] 200 utts in 6.7 min (2.02 s/utt, RTF 0.596)
[01:28:30] [lane1 whisfusion] job whisfusion__voxpopuli__s03__main: 200 utts, 0 already done, arms ['main']
[01:30:11] [lane1 whisfusion]   whisfusion__voxpopuli__s03__main: 50/200  2.03 s/utt
[01:31:53] [lane1 whisfusion]   whisfusion__voxpopuli__s03__main: 100/200  2.03 s/utt
[01:33:34] [lane1 whisfusion]   whisfusion__voxpopuli__s03__main: 150/200  2.03 s/utt
[01:35:16] [lane1 whisfusion]   whisfusion__voxpopuli__s03__main: 200/200  2.03 s/utt
[01:35:16] [lane1 whisfusion] done whisfusion__voxpopuli__s03__main [done] 200 utts in 6.8 min (2.03 s/utt, RTF 0.283)
[01:35:16] [lane1 whisfusion] job whisfusion__spgispeech__s03__main: 200 utts, 0 already done, arms ['main']
[01:36:57] [lane1 whisfusion]   whisfusion__spgispeech__s03__main: 50/200  2.03 s/utt
[01:38:39] [lane1 whisfusion]   whisfusion__spgispeech__s03__main: 100/200  2.03 s/utt
[01:40:20] [lane1 whisfusion]   whisfusion__spgispeech__s03__main: 150/200  2.03 s/utt
[01:42:01] [lane1 whisfusion]   whisfusion__spgispeech__s03__main: 200/200  2.03 s/utt
[01:42:02] [lane1 whisfusion] done whisfusion__spgispeech__s03__main [done] 200 utts in 6.8 min (2.03 s/utt, RTF 0.224)
[01:42:02] [lane1 whisfusion] job whisfusion__fleurs-en__s03__main: 46 utts, 0 already done, arms ['main']
[01:43:35] [lane1 whisfusion] done whisfusion__fleurs-en__s03__main [done] 46 utts in 1.6 min (2.03 s/utt, RTF 0.194)
[01:43:35] [lane1 whisfusion] job whisfusion__slr83__s03__main: 200 utts, 0 already done, arms ['main']
[01:45:16] [lane1 whisfusion]   whisfusion__slr83__s03__main: 50/200  2.02 s/utt
[01:46:57] [lane1 whisfusion]   whisfusion__slr83__s03__main: 100/200  2.02 s/utt
[01:48:38] [lane1 whisfusion]   whisfusion__slr83__s03__main: 150/200  2.02 s/utt
[01:50:19] [lane1 whisfusion]   whisfusion__slr83__s03__main: 200/200  2.02 s/utt
[01:50:20] [lane1 whisfusion] done whisfusion__slr83__s03__main [done] 200 utts in 6.7 min (2.02 s/utt, RTF 0.310)
[01:50:20] [lane1 whisfusion] job whisfusion__ls-test-other__s04__main: 200 utts, 0 already done, arms ['main']
[01:52:01] [lane1 whisfusion]   whisfusion__ls-test-other__s04__main: 50/200  2.02 s/utt
[01:53:42] [lane1 whisfusion]   whisfusion__ls-test-other__s04__main: 100/200  2.02 s/utt
[01:55:23] [lane1 whisfusion]   whisfusion__ls-test-other__s04__main: 150/200  2.02 s/utt
[01:57:04] [lane1 whisfusion]   whisfusion__ls-test-other__s04__main: 200/200  2.02 s/utt
[01:57:04] [lane1 whisfusion] done whisfusion__ls-test-other__s04__main [done] 200 utts in 6.7 min (2.02 s/utt, RTF 0.333)
[01:57:04] [lane1 whisfusion] job whisfusion__earnings22__s04__main: 200 utts, 0 already done, arms ['main']
[01:58:46] [lane1 whisfusion]   whisfusion__earnings22__s04__main: 50/200  2.02 s/utt
[02:00:27] [lane1 whisfusion]   whisfusion__earnings22__s04__main: 100/200  2.02 s/utt
[02:02:08] [lane1 whisfusion]   whisfusion__earnings22__s04__main: 150/200  2.02 s/utt
[02:03:49] [lane1 whisfusion]   whisfusion__earnings22__s04__main: 200/200  2.02 s/utt
[02:03:49] [lane1 whisfusion] done whisfusion__earnings22__s04__main [done] 200 utts in 6.7 min (2.02 s/utt, RTF 0.323)
[02:03:49] [lane1 whisfusion] job whisfusion__gigaspeech__s04__main: 200 utts, 0 already done, arms ['main']
[02:05:31] [lane1 whisfusion]   whisfusion__gigaspeech__s04__main: 50/200  2.02 s/utt
[02:07:12] [lane1 whisfusion]   whisfusion__gigaspeech__s04__main: 100/200  2.02 s/utt
[02:08:53] [lane1 whisfusion]   whisfusion__gigaspeech__s04__main: 150/200  2.03 s/utt
[02:10:34] [lane1 whisfusion]   whisfusion__gigaspeech__s04__main: 200/200  2.02 s/utt
[02:10:35] [lane1 whisfusion] done whisfusion__gigaspeech__s04__main [done] 200 utts in 6.8 min (2.03 s/utt, RTF 0.323)
[02:10:35] [lane1 whisfusion] job whisfusion__common_voice__s04__main: 200 utts, 0 already done, arms ['main']
[02:12:16] [lane1 whisfusion]   whisfusion__common_voice__s04__main: 50/200  2.02 s/utt
[02:13:56] [lane1 whisfusion]   whisfusion__common_voice__s04__main: 100/200  2.01 s/utt
[02:15:37] [lane1 whisfusion]   whisfusion__common_voice__s04__main: 150/200  2.02 s/utt
[02:17:18] [lane1 whisfusion]   whisfusion__common_voice__s04__main: 200/200  2.02 s/utt
[02:17:18] [lane1 whisfusion] done whisfusion__common_voice__s04__main [done] 200 utts in 6.7 min (2.02 s/utt, RTF 0.360)
[02:17:18] [lane1 whisfusion] job whisfusion__ls-test-other__s01__sweepT: 100 utts, 0 already done, arms ['fss0', 'fssT0.5', 'fssT1', 'fssT1.5']
[02:24:06] [lane1 whisfusion]   whisfusion__ls-test-other__s01__sweepT: 50/100  8.16 s/utt
[02:30:54] [lane1 whisfusion]   whisfusion__ls-test-other__s01__sweepT: 100/100  8.16 s/utt
[02:30:55] [lane1 whisfusion] done whisfusion__ls-test-other__s01__sweepT [done] 100 utts in 13.6 min (8.17 s/utt, RTF 1.236)
[02:30:55] [lane1 whisfusion] job whisfusion__ls-tc-babble5__s01__sweepT: 100 utts, 0 already done, arms ['fss0', 'fssT0.5', 'fssT1', 'fssT1.5']
[02:37:46] [lane1 whisfusion]   whisfusion__ls-tc-babble5__s01__sweepT: 50/100  8.22 s/utt
[02:44:37] [lane1 whisfusion]   whisfusion__ls-tc-babble5__s01__sweepT: 100/100  8.22 s/utt
[02:44:38] [lane1 whisfusion] done whisfusion__ls-tc-babble5__s01__sweepT [done] 100 utts in 13.7 min (8.23 s/utt, RTF 1.195)
[02:44:38] [lane1 whisfusion] yielding: another model has lower-tier work waiting
[02:44:38] [lane1 whisfusion] exiting after 12 jobs
